Archive member included to satisfy reference by file (symbol)

C:/ST/STM32CubeIDE_1.15.1/STM32CubeIDE/plugins/com.st.stm32cube.ide.mcu.externaltools.gnu-tools-for-stm32.12.3.rel1.win32_1.0.100.202403111256/tools/bin/../lib/gcc/arm-none-eabi/12.3.1/../../../../arm-none-eabi/lib/thumb/v7-m/nofp\libc_nano.a(libc_a-exit.o)
                              C:/ST/STM32CubeIDE_1.15.1/STM32CubeIDE/plugins/com.st.stm32cube.ide.mcu.externaltools.gnu-tools-for-stm32.12.3.rel1.win32_1.0.100.202403111256/tools/bin/../lib/gcc/arm-none-eabi/12.3.1/../../../../arm-none-eabi/lib/thumb/v7-m/nofp/crt0.o (exit)
C:/ST/STM32CubeIDE_1.15.1/STM32CubeIDE/plugins/com.st.stm32cube.ide.mcu.externaltools.gnu-tools-for-stm32.12.3.rel1.win32_1.0.100.202403111256/tools/bin/../lib/gcc/arm-none-eabi/12.3.1/../../../../arm-none-eabi/lib/thumb/v7-m/nofp\libc_nano.a(libc_a-nano-vfprintf_float.o)
                              (_printf_float)
C:/ST/STM32CubeIDE_1.15.1/STM32CubeIDE/plugins/com.st.stm32cube.ide.mcu.externaltools.gnu-tools-for-stm32.12.3.rel1.win32_1.0.100.202403111256/tools/bin/../lib/gcc/arm-none-eabi/12.3.1/../../../../arm-none-eabi/lib/thumb/v7-m/nofp\libc_nano.a(libc_a-nano-vfprintf_i.o)
                              C:/ST/STM32CubeIDE_1.15.1/STM32CubeIDE/plugins/com.st.stm32cube.ide.mcu.externaltools.gnu-tools-for-stm32.12.3.rel1.win32_1.0.100.202403111256/tools/bin/../lib/gcc/arm-none-eabi/12.3.1/../../../../arm-none-eabi/lib/thumb/v7-m/nofp\libc_nano.a(libc_a-nano-vfprintf_float.o) (_printf_common)
C:/ST/STM32CubeIDE_1.15.1/STM32CubeIDE/plugins/com.st.stm32cube.ide.mcu.externaltools.gnu-tools-for-stm32.12.3.rel1.win32_1.0.100.202403111256/tools/bin/../lib/gcc/arm-none-eabi/12.3.1/../../../../arm-none-eabi/lib/thumb/v7-m/nofp\libc_nano.a(libc_a-findfp.o)
                              C:/ST/STM32CubeIDE_1.15.1/STM32CubeIDE/plugins/com.st.stm32cube.ide.mcu.externaltools.gnu-tools-for-stm32.12.3.rel1.win32_1.0.100.202403111256/tools/bin/../lib/gcc/arm-none-eabi/12.3.1/../../../../arm-none-eabi/lib/thumb/v7-m/nofp\libc_nano.a(libc_a-exit.o) (__stdio_exit_handler)
C:/ST/STM32CubeIDE_1.15.1/STM32CubeIDE/plugins/com.st.stm32cube.ide.mcu.externaltools.gnu-tools-for-stm32.12.3.rel1.win32_1.0.100.202403111256/tools/bin/../lib/gcc/arm-none-eabi/12.3.1/../../../../arm-none-eabi/lib/thumb/v7-m/nofp\libc_nano.a(libc_a-fwalk.o)
                              C:/ST/STM32CubeIDE_1.15.1/STM32CubeIDE/plugins/com.st.stm32cube.ide.mcu.externaltools.gnu-tools-for-stm32.12.3.rel1.win32_1.0.100.202403111256/tools/bin/../lib/gcc/arm-none-eabi/12.3.1/../../../../arm-none-eabi/lib/thumb/v7-m/nofp\libc_nano.a(libc_a-findfp.o) (_fwalk_sglue)
C:/ST/STM32CubeIDE_1.15.1/STM32CubeIDE/plugins/com.st.stm32cube.ide.mcu.externaltools.gnu-tools-for-stm32.12.3.rel1.win32_1.0.100.202403111256/tools/bin/../lib/gcc/arm-none-eabi/12.3.1/../../../../arm-none-eabi/lib/thumb/v7-m/nofp\libc_nano.a(libc_a-printf.o)
                              ./Core/Src/main.o (printf)
C:/ST/STM32CubeIDE_1.15.1/STM32CubeIDE/plugins/com.st.stm32cube.ide.mcu.externaltools.gnu-tools-for-stm32.12.3.rel1.win32_1.0.100.202403111256/tools/bin/../lib/gcc/arm-none-eabi/12.3.1/../../../../arm-none-eabi/lib/thumb/v7-m/nofp\libc_nano.a(libc_a-puts.o)
                              ./Core/Src/main.o (puts)
C:/ST/STM32CubeIDE_1.15.1/STM32CubeIDE/plugins/com.st.stm32cube.ide.mcu.externaltools.gnu-tools-for-stm32.12.3.rel1.win32_1.0.100.202403111256/tools/bin/../lib/gcc/arm-none-eabi/12.3.1/../../../../arm-none-eabi/lib/thumb/v7-m/nofp\libc_nano.a(libc_a-sprintf.o)
                              ./Core/Src/main.o (sprintf)
C:/ST/STM32CubeIDE_1.15.1/STM32CubeIDE/plugins/com.st.stm32cube.ide.mcu.externaltools.gnu-tools-for-stm32.12.3.rel1.win32_1.0.100.202403111256/tools/bin/../lib/gcc/arm-none-eabi/12.3.1/../../../../arm-none-eabi/lib/thumb/v7-m/nofp\libc_nano.a(libc_a-stdio.o)
                              C:/ST/STM32CubeIDE_1.15.1/STM32CubeIDE/plugins/com.st.stm32cube.ide.mcu.externaltools.gnu-tools-for-stm32.12.3.rel1.win32_1.0.100.202403111256/tools/bin/../lib/gcc/arm-none-eabi/12.3.1/../../../../arm-none-eabi/lib/thumb/v7-m/nofp\libc_nano.a(libc_a-findfp.o) (__sread)
C:/ST/STM32CubeIDE_1.15.1/STM32CubeIDE/plugins/com.st.stm32cube.ide.mcu.externaltools.gnu-tools-for-stm32.12.3.rel1.win32_1.0.100.202403111256/tools/bin/../lib/gcc/arm-none-eabi/12.3.1/../../../../arm-none-eabi/lib/thumb/v7-m/nofp\libc_nano.a(libc_a-wbuf.o)
                              C:/ST/STM32CubeIDE_1.15.1/STM32CubeIDE/plugins/com.st.stm32cube.ide.mcu.externaltools.gnu-tools-for-stm32.12.3.rel1.win32_1.0.100.202403111256/tools/bin/../lib/gcc/arm-none-eabi/12.3.1/../../../../arm-none-eabi/lib/thumb/v7-m/nofp\libc_nano.a(libc_a-puts.o) (__swbuf_r)
C:/ST/STM32CubeIDE_1.15.1/STM32CubeIDE/plugins/com.st.stm32cube.ide.mcu.externaltools.gnu-tools-for-stm32.12.3.rel1.win32_1.0.100.202403111256/tools/bin/../lib/gcc/arm-none-eabi/12.3.1/../../../../arm-none-eabi/lib/thumb/v7-m/nofp\libc_nano.a(libc_a-wsetup.o)
[...]
Memory Configuration

Name             Origin             Length             Attributes
RAM              0x20000000         0x00014000         xrw
FLASH            0x08000000         0x00080000         xr
*default*        0x00000000         0xffffffff

Linker script and memory map

LOAD C:/ST/STM32CubeIDE_1.15.1/STM32CubeIDE/plugins/com.st.stm32cube.ide.mcu.externaltools.gnu-tools-for-stm32.12.3.rel1.win32_1.0.100.202403111256/tools/bin/../lib/gcc/arm-none-eabi/12.3.1/thumb/v7-m/nofp/crti.o
LOAD C:/ST/STM32CubeIDE_1.15.1/STM32CubeIDE/plugins/com.st.stm32cube.ide.mcu.externaltools.gnu-tools-for-stm32.12.3.rel1.win32_1.0.100.202403111256/tools/bin/../lib/gcc/arm-none-eabi/12.3.1/thumb/v7-m/nofp/crtbegin.o
LOAD C:/ST/STM32CubeIDE_1.15.1/STM32CubeIDE/plugins/com.st.stm32cube.ide.mcu.externaltools.gnu-tools-for-stm32.12.3.rel1.win32_1.0.100.202403111256/tools/bin/../lib/gcc/arm-none-eabi/12.3.1/../../../../arm-none-eabi/lib/thumb/v7-m/nofp/crt0.o
LOAD ./Core/Src/main.o
LOAD ./Core/Src/max7219_Yncrea2.o
LOAD ./Core/Src/stm32l1xx_hal_msp.o
LOAD ./Core/Src/stm32l1xx_it.o
LOAD ./Core/Src/stm32l1xx_nucleo_bus.o
LOAD ./Core/Src/syscalls.o
LOAD ./Core/Src/sysmem.o
LOAD ./Core/Src/system_stm32l1xx.o
LOAD ./Core/Startup/startup_stm32l152retx.o
LOAD ./Drivers/BSP/Components/hts221/hts221.o
LOAD ./Drivers/BSP/Components/hts221/hts221_reg.o
LOAD ./Drivers/BSP/Components/lis2dw12/lis2dw12.o
LOAD ./Drivers/BSP/Components/lis2dw12/lis2dw12_reg.o
LOAD ./Drivers/BSP/Components/lis2mdl/lis2mdl.o
LOAD ./Drivers/BSP/Components/lis2mdl/lis2mdl_reg.o
LOAD ./Drivers/BSP/Components/lps22hh/lps22hh.o
LOAD ./Drivers/BSP/Components/lps22hh/lps22hh_reg.o
LOAD ./Drivers/BSP/Components/lsm6dso/lsm6dso.o
LOAD ./Drivers/BSP/Components/lsm6dso/lsm6dso_reg.o
LOAD ./Drivers/BSP/Components/stts751/stts751.o
LOAD ./Drivers/BSP/Components/stts751/stts751_reg.o
LOAD ./Drivers/BSP/IKS01A3/iks01a3_env_sensors.o
LOAD ./Drivers/BSP/IKS01A3/iks01a3_env_sensors_ex.o
LOAD ./Drivers/BSP/IKS01A3/iks01a3_motion_sensors.o
LOAD ./Drivers/BSP/IKS01A3/iks01a3_motion_sensors_ex.o
LOAD ./Drivers/STM32L1xx_HAL_Driver/Src/stm32l1xx_hal.o
LOAD ./Drivers/STM32L1xx_HAL_Driver/Src/stm32l1xx_hal_adc.o
LOAD ./Drivers/STM32L1xx_HAL_Driver/Src/stm32l1xx_hal_adc_ex.o
LOAD ./Drivers/STM32L1xx_HAL_Driver/Src/stm32l1xx_hal_cortex.o
LOAD ./Drivers/STM32L1xx_HAL_Driver/Src/stm32l1xx_hal_dma.o
LOAD ./Drivers/STM32L1xx_HAL_Driver/Src/stm32l1xx_hal_exti.o
LOAD ./Drivers/STM32L1xx_HAL_Driver/Src/stm32l1xx_hal_flash.o
LOAD ./Drivers/STM32L1xx_HAL_Driver/Src/stm32l1xx_hal_flash_ex.o
LOAD ./Drivers/STM32L1xx_HAL_Driver/Src/stm32l1xx_hal_flash_ramfunc.o
LOAD ./Drivers/STM32L1xx_HAL_Driver/Src/stm32l1xx_hal_gpio.o
LOAD ./Drivers/STM32L1xx_HAL_Driver/Src/stm32l1xx_hal_i2c.o
LOAD ./Drivers/STM32L1xx_HAL_Driver/Src/stm32l1xx_hal_pwr.o
LOAD ./Drivers/STM32L1xx_HAL_Driver/Src/stm32l1xx_hal_pwr_ex.o
LOAD ./Drivers/STM32L1xx_HAL_Driver/Src/stm32l1xx_hal_rcc.o
LOAD ./Drivers/STM32L1xx_HAL_Driver/Src/stm32l1xx_hal_rcc_ex.o
LOAD ./Drivers/STM32L1xx_HAL_Driver/Src/stm32l1xx_hal_spi.o
LOAD ./Drivers/STM32L1xx_HAL_Driver/Src/stm32l1xx_hal_tim.o
LOAD ./Drivers/STM32L1xx_HAL_Driver/Src/stm32l1xx_hal_tim_ex.o
LOAD ./Drivers/STM32L1xx_HAL_Driver/Src/stm32l1xx_hal_uart.o
START GROUP
LOAD C:/ST/STM32CubeIDE_1.15.1/STM32CubeIDE/plugins/com.st.stm32cube.ide.mcu.externaltools.gnu-tools-for-stm32.12.3.rel1.win32_1.0.100.202403111256/tools/bin/../lib/gcc/arm-none-eabi/12.3.1/../../../../arm-none-eabi/lib/thumb/v7-m/nofp\libc_nano.a
LOAD C:/ST/STM32CubeIDE_1.15.1/STM32CubeIDE/plugins/com.st.stm32cube.ide.mcu.externaltools.gnu-tools-for-stm32.12.3.rel1.win32_1.0.100.202403111256/tools/bin/../lib/gcc/arm-none-eabi/12.3.1/../../../../arm-none-eabi/lib/thumb/v7-m/nofp\libm.a
END GROUP
START GROUP
LOAD C:/ST/STM32CubeIDE_1.15.1/STM32CubeIDE/plugins/com.st.stm32cube.ide.mcu.externaltools.gnu-tools-for-stm32.12.3.rel1.win32_1.0.100.202403111256/tools/bin/../lib/gcc/arm-none-eabi/12.3.1/thumb/v7-m/nofp\libgcc.a
LOAD C:/ST/STM32CubeIDE_1.15.1/STM32CubeIDE/plugins/com.st.stm32cube.ide.mcu.externaltools.gnu-tools-for-stm32.12.3.rel1.win32_1.0.100.202403111256/tools/bin/../lib/gcc/arm-none-eabi/12.3.1/../../../../arm-none-eabi/lib/thumb/v7-m/nofp\libc_nano.a
END GROUP
START GROUP
LOAD C:/ST/STM32CubeIDE_1.15.1/STM32CubeIDE/plugins/com.st.stm32cube.ide.mcu.externaltools.gnu-tools-for-stm32.12.3.rel1.win32_1.0.100.202403111256/tools/bin/../lib/gcc/arm-none-eabi/12.3.1/thumb/v7-m/nofp\libgcc.a
LOAD C:/ST/STM32CubeIDE_1.15.1/STM32CubeIDE/plugins/com.st.stm32cube.ide.mcu.externaltools.gnu-tools-for-stm32.12.3.rel1.win32_1.0.100.202403111256/tools/bin/../lib/gcc/arm-none-eabi/12.3.1/../../../../arm-none-eabi/lib/thumb/v7-m/nofp\libc_nano.a
LOAD C:/ST/STM32CubeIDE_1.15.1/STM32CubeIDE/plugins/com.st.stm32cube.ide.mcu.externaltools.gnu-tools-for-stm32.12.3.rel1.win32_1.0.100.202403111256/tools/bin/../lib/gcc/arm-none-eabi/12.3.1/../../../../arm-none-eabi/lib/thumb/v7-m/nofp\libnosys.a
END GROUP
START GROUP
LOAD C:/ST/STM32CubeIDE_1.15.1/STM32CubeIDE/plugins/com.st.stm32cube.ide.mcu.externaltools.gnu-tools-for-stm32.12.3.rel1.win32_1.0.100.202403111256/tools/bin/../lib/gcc/arm-none-eabi/12.3.1/thumb/v7-m/nofp\libgcc.a
LOAD C:/ST/STM32CubeIDE_1.15.1/STM32CubeIDE/plugins/com.st.stm32cube.ide.mcu.externaltools.gnu-tools-for-stm32.12.3.rel1.win32_1.0.100.202403111256/tools/bin/../lib/gcc/arm-none-eabi/12.3.1/../../../../arm-none-eabi/lib/thumb/v7-m/nofp\libc_nano.a
LOAD C:/ST/STM32CubeIDE_1.15.1/STM32CubeIDE/plugins/com.st.stm32cube.ide.mcu.externaltools.gnu-tools-for-stm32.12.3.rel1.win32_1.0.100.202403111256/tools/bin/../lib/gcc/arm-none-eabi/12.3.1/../../../../arm-none-eabi/lib/thumb/v7-m/nofp\libnosys.a
END GROUP
LOAD C:/ST/STM32CubeIDE_1.15.1/STM32CubeIDE/plugins/com.st.stm32cube.ide.mcu.externaltools.gnu-tools-for-stm32.12.3.rel1.win32_1.0.100.202403111256/tools/bin/../lib/gcc/arm-none-eabi/12.3.1/thumb/v7-m/nofp/crtend.o
LOAD C:/ST/STM32CubeIDE_1.15.1/STM32CubeIDE/plugins/com.st.stm32cube.ide.mcu.externaltools.gnu-tools-for-stm32.12.3.rel1.win32_1.0.100.202403111256/tools/bin/../lib/gcc/arm-none-eabi/12.3.1/thumb/v7-m/nofp/crtn.o
                0x20014000                        _estack = (ORIGIN (RAM) + LENGTH (RAM))
                0x00000200                        _Min_Heap_Size = 0x200
                0x00000400                        _Min_Stack_Size = 0x400

.isr_vector     0x08000000      0x13c
                0x08000000                        . = ALIGN (0x4)
 *(.isr_vector)
 .isr_vector    0x08000000      0x13c ./Core/Startup/startup_stm32l152retx.o
                0x08000000                g_pfnVectors
                0x0800013c                        . = ALIGN (0x4)

.text           0x08000140     0xda68
                0x08000140                        . = ALIGN (0x4)
 *(.text)
 .text          0x08000140       0x40 C:/ST/STM32CubeIDE_1.15.1/STM32CubeIDE/plugins/com.st.stm32cube.ide.mcu.externaltools.gnu-tools-for-stm32.12.3.rel1.win32_1.0.100.202403111256/tools/bin/../lib/gcc/arm-none-eabi/12.3.1/thumb/v7-m/nofp/crtbegin.o
 .text          0x08000180       0x10 C:/ST/STM32CubeIDE_1.15.1/STM32CubeIDE/plugins/com.st.stm32cube.ide.mcu.externaltools.gnu-tools-for-stm32.12.3.rel1.win32_1.0.100.202403111256/tools/bin/../lib/gcc/arm-none-eabi/12.3.1/../../../../arm-none-eabi/lib/thumb/v7-m/nofp\libc_nano.a(libc_a-strlen.o)
                0x08000180                strlen
 .text          0x08000190      0x378 C:/ST/STM32CubeIDE_1.15.1/STM32CubeIDE/plugins/com.st.stm32cube.ide.mcu.externaltools.gnu-tools-for-stm32.12.3.rel1.win32_1.0.100.202403111256/tools/bin/../lib/gcc/arm-none-eabi/12.3.1/thumb/v7-m/nofp\libgcc.a(_arm_addsubdf3.o)
                0x08000190                __aeabi_drsub
                0x08000198                __aeabi_dsub
                0x08000198                __subdf3
                0x0800019c                __aeabi_dadd
                0x0800019c                __adddf3
                0x08000414                __floatunsidf
                0x08000414                __aeabi_ui2d
                0x08000434                __floatsidf
                0x08000434                __aeabi_i2d
                0x08000458                __aeabi_f2d
                0x08000458                __extendsfdf2
                0x0800049c                __floatundidf
                0x0800049c                __aeabi_ul2d
                0x080004ac                __floatdidf
                0x080004ac                __aeabi_l2d
 .text          0x08000508      0x424 C:/ST/STM32CubeIDE_1.15.1/STM32CubeIDE/plugins/com.st.stm32cube.ide.mcu.externaltools.gnu-tools-for-stm32.12.3.rel1.win32_1.0.100.202403111256/tools/bin/../lib/gcc/arm-none-eabi/12.3.1/thumb/v7-m/nofp\libgcc.a(_arm_muldivdf3.o)
                0x08000508                __aeabi_dmul
                0x08000508                __muldf3
                0x0800075c                __divdf3
                0x0800075c                __aeabi_ddiv
 .text          0x0800092c      0x110 C:/ST/STM32CubeIDE_1.15.1/STM32CubeIDE/plugins/com.st.stm32cube.ide.mcu.externaltools.gnu-tools-for-stm32.12.3.rel1.win32_1.0.100.202403111256/tools/bin/../lib/gcc/arm-none-eabi/12.3.1/thumb/v7-m/nofp\libgcc.a(_arm_cmpdf2.o)
                0x0800092c                __gtdf2
                0x0800092c                __gedf2
                0x08000934                __ltdf2
                0x08000934                __ledf2
                0x0800093c                __nedf2
                0x0800093c                __eqdf2
                0x0800093c                __cmpdf2
                0x080009b8                __aeabi_cdrcmple
                0x080009c8                __aeabi_cdcmpeq
                0x080009c8                __aeabi_cdcmple
                0x080009d8                __aeabi_dcmpeq
                0x080009ec                __aeabi_dcmplt
                0x08000a00                __aeabi_dcmple
                0x08000a14                __aeabi_dcmpge
                0x08000a28                __aeabi_dcmpgt
 .text          0x08000a3c       0x2c C:/ST/STM32CubeIDE_1.15.1/STM32CubeIDE/plugins/com.st.stm32cube.ide.mcu.externaltools.gnu-tools-for-stm32.12.3.rel1.win32_1.0.100.202403111256/tools/bin/../lib/gcc/arm-none-eabi/12.3.1/thumb/v7-m/nofp\libgcc.a(_arm_unorddf2.o)
                0x08000a3c                __unorddf2
                0x08000a3c                __aeabi_dcmpun
 .text          0x08000a68       0x50 C:/ST/STM32CubeIDE_1.15.1/STM32CubeIDE/plugins/com.st.stm32cube.ide.mcu.externaltools.gnu-tools-for-stm32.12.3.rel1.win32_1.0.100.202403111256/tools/bin/../lib/gcc/arm-none-eabi/12.3.1/thumb/v7-m/nofp\libgcc.a(_arm_fixdfsi.o)
                0x08000a68                __aeabi_d2iz
                0x08000a68                __fixdfsi
 .text          0x08000ab8       0xa0 C:/ST/STM32CubeIDE_1.15.1/STM32CubeIDE/plugins/com.st.stm32cube.ide.mcu.externaltools.gnu-tools-for-stm32.12.3.rel1.win32_1.0.100.202403111256/tools/bin/../lib/gcc/arm-none-eabi/12.3.1/thumb/v7-m/nofp\libgcc.a(_arm_truncdfsf2.o)
                0x08000ab8                __truncdfsf2
                0x08000ab8                __aeabi_d2f
 .text          0x08000b58      0x21c C:/ST/STM32CubeIDE_1.15.1/STM32CubeIDE/plugins/com.st.stm32cube.ide.mcu.externaltools.gnu-tools-for-stm32.12.3.rel1.win32_1.0.100.202403111256/tools/bin/../lib/gcc/arm-none-eabi/12.3.1/thumb/v7-m/nofp\libgcc.a(_arm_addsubsf3.o)
                0x08000b58                __aeabi_frsub
                0x08000b60                __subsf3
                0x08000b60                __aeabi_fsub
                0x08000b64                __aeabi_fadd
                0x08000b64                __addsf3
                0x08000cc4                __aeabi_ui2f
                0x08000cc4                __floatunsisf
                0x08000ccc                __aeabi_i2f
                0x08000ccc                __floatsisf
                0x08000ce8                __aeabi_ul2f
                0x08000ce8                __floatundisf
                0x08000cf8                __aeabi_l2f
                0x08000cf8                __floatdisf
 .text          0x08000d74      0x2a0 C:/ST/STM32CubeIDE_1.15.1/STM32CubeIDE/plugins/com.st.stm32cube.ide.mcu.externaltools.gnu-tools-for-stm32.12.3.rel1.win32_1.0.100.202403111256/tools/bin/../lib/gcc/arm-none-eabi/12.3.1/thumb/v7-m/nofp\libgcc.a(_arm_muldivsf3.o)
                0x08000d74                __mulsf3
                0x08000d74                __aeabi_fmul
                0x08000edc                __aeabi_fdiv
                0x08000edc                __divsf3
 .text          0x08001014       0xec C:/ST/STM32CubeIDE_1.15.1/STM32CubeIDE/plugins/com.st.stm32cube.ide.mcu.externaltools.gnu-tools-for-stm32.12.3.rel1.win32_1.0.100.202403111256/tools/bin/../lib/gcc/arm-none-eabi/12.3.1/thumb/v7-m/nofp\libgcc.a(_arm_cmpsf2.o)
                0x08001014                __gesf2
                0x08001014                __gtsf2
                0x0800101c                __lesf2
                0x0800101c                __ltsf2
                0x08001024                __nesf2
                0x08001024                __eqsf2
                0x08001024                __cmpsf2
                0x08001084                __aeabi_cfrcmple
                0x0800108c                __aeabi_cfcmpeq
                0x0800108c                __aeabi_cfcmple
                0x0800109c                __aeabi_fcmpeq
                0x080010b0                __aeabi_fcmplt
                0x080010c4                __aeabi_fcmple
                0x080010d8                __aeabi_fcmpge
                0x080010ec                __aeabi_fcmpgt
 .text          0x08001100       0x4c C:/ST/STM32CubeIDE_1.15.1/STM32CubeIDE/plugins/com.st.stm32cube.ide.mcu.externaltools.gnu-tools-for-stm32.12.3.rel1.win32_1.0.100.202403111256/tools/bin/../lib/gcc/arm-none-eabi/12.3.1/thumb/v7-m/nofp\libgcc.a(_arm_fixsfsi.o)
                0x08001100                __aeabi_f2iz
                0x08001100                __fixsfsi
 .text          0x0800114c       0x30 C:/ST/STM32CubeIDE_1.15.1/STM32CubeIDE/plugins/com.st.stm32cube.ide.mcu.externaltools.gnu-tools-for-stm32.12.3.rel1.win32_1.0.100.202403111256/tools/bin/../lib/gcc/arm-none-eabi/12.3.1/thumb/v7-m/nofp\libgcc.a(_aeabi_uldivmod.o)
                0x0800114c                __aeabi_uldivmod
 .text          0x0800117c      0x2b8 C:/ST/STM32CubeIDE_1.15.1/STM32CubeIDE/plugins/com.st.stm32cube.ide.mcu.externaltools.gnu-tools-for-stm32.12.3.rel1.win32_1.0.100.202403111256/tools/bin/../lib/gcc/arm-none-eabi/12.3.1/thumb/v7-m/nofp\libgcc.a(_udivmoddi4.o)
                0x0800117c                __udivmoddi4
 .text          0x08001434        0x4 C:/ST/STM32CubeIDE_1.15.1/STM32CubeIDE/plugins/com.st.stm32cube.ide.mcu.externaltools.gnu-tools-for-stm32.12.3.rel1.win32_1.0.100.202403111256/tools/bin/../lib/gcc/arm-none-eabi/12.3.1/thumb/v7-m/nofp\libgcc.a(_dvmd_tls.o)
                0x08001434                __aeabi_idiv0
                0x08001434                __aeabi_ldiv0
 *(.text*)
 .text.ITM_SendChar
                0x08001438       0x4c ./Core/Src/main.o
 .text.floatToInt
                0x08001484       0xfc ./Core/Src/main.o
 .text.motor    0x08001580       0x44 ./Core/Src/main.o
                0x08001580                motor
 .text.buzzer   0x080015c4       0x30 ./Core/Src/main.o
                0x080015c4                buzzer
 .text.conf_capteur
                0x080015f4       0x20 ./Core/Src/main.o
                0x080015f4                conf_capteur
 .text.affichage_menu
                0x08001614       0x3c ./Core/Src/main.o
                0x08001614                affichage_menu
 .text.menu_temp
                0x08001650       0x3c ./Core/Src/main.o
                0x08001650                menu_temp
 .text.menu_hum
                0x0800168c       0x3c ./Core/Src/main.o
                0x0800168c                menu_hum
 .text.menu_pres
                0x080016c8       0x3c ./Core/Src/main.o
                0x080016c8                menu_pres
 .text.display_temp
                0x08001704       0x74 ./Core/Src/main.o
                0x08001704                display_temp
 .text.display_hum
                0x08001778       0x74 ./Core/Src/main.o
                0x08001778                display_hum
 .text.display_pression
                0x080017ec       0x68 ./Core/Src/main.o
                0x080017ec                display_pression
 .text.frequenceNote
                0x08001854       0x84 ./Core/Src/main.o
                0x08001854                frequenceNote
 .text.buzzerFunction
                0x080018d8       0x58 ./Core/Src/main.o
                0x080018d8                buzzerFunction
 .text.MusiqueAmbiance
                0x08001930       0x9e ./Core/Src/main.o
                0x08001930                MusiqueAmbiance
 *fill*         0x080019ce        0x2 
 .text.menu     0x080019d0       0x3c ./Core/Src/main.o
                0x080019d0                menu
 .text.MusiqueAlerte
                0x08001a0c       0x3a ./Core/Src/main.o
                0x08001a0c                MusiqueAlerte
 *fill*         0x08001a46        0x2 
 .text.adcFunction
                0x08001a48      0x1c8 ./Core/Src/main.o
                0x08001a48                adcFunction
 .text.check_temperature_motor
                0x08001c10       0x7c ./Core/Src/main.o
                0x08001c10                check_temperature_motor
 .text.check_temperature
                0x08001c8c       0x84 ./Core/Src/main.o
                0x08001c8c                check_temperature
 .text.main     0x08001d10       0xb8 ./Core/Src/main.o
                0x08001d10                main
 .text.SystemClock_Config
                0x08001dc8       0x9c ./Core/Src/main.o
                0x08001dc8                SystemClock_Config
 .text.MX_ADC_Init
                0x08001e64       0xf4 ./Core/Src/main.o
 .text.MX_SPI1_Init
                0x08001f58       0x6c ./Core/Src/main.o
 .text.MX_TIM3_Init
                0x08001fc4      0x104 ./Core/Src/main.o
 .text.MX_USART2_UART_Init
                0x080020c8       0x54 ./Core/Src/main.o
 .text.MX_GPIO_Init
                0x0800211c      0x13c ./Core/Src/main.o
 .text.__io_putchar
                0x08002258       0x2c ./Core/Src/main.o
                0x08002258                __io_putchar
 .text.Error_Handler
                0x08002284        0xc ./Core/Src/main.o
                0x08002284                Error_Handler
 .text.SPI_CS_High
                0x08002290       0x18 ./Core/Src/max7219_Yncrea2.o
                0x08002290                SPI_CS_High
 .text.SPI_CS_Low
                0x080022a8       0x18 ./Core/Src/max7219_Yncrea2.o
                0x080022a8                SPI_CS_Low
 .text.MAX7219_Init
                0x080022c0       0x2a ./Core/Src/max7219_Yncrea2.o
                0x080022c0                MAX7219_Init
 .text.MAX7219_ShutdownStop
                0x080022ea       0x10 ./Core/Src/max7219_Yncrea2.o
                0x080022ea                MAX7219_ShutdownStop
 .text.MAX7219_DisplayTestStart
                0x080022fa       0x10 ./Core/Src/max7219_Yncrea2.o
                0x080022fa                MAX7219_DisplayTestStart
 .text.MAX7219_DisplayTestStop
                0x0800230a       0x10 ./Core/Src/max7219_Yncrea2.o
                0x0800230a                MAX7219_DisplayTestStop
 .text.MAX7219_SetBrightness
                0x0800231a       0x24 ./Core/Src/max7219_Yncrea2.o
                0x0800231a                MAX7219_SetBrightness
 .text.MAX7219_Clear
                0x0800233e       0x2c ./Core/Src/max7219_Yncrea2.o
                0x0800233e                MAX7219_Clear
 .text.MAX7219_DisplayChar
                0x0800236a       0x2e ./Core/Src/max7219_Yncrea2.o
                0x0800236a                MAX7219_DisplayChar
 .text.MAX7219_LookupCode
                0x08002398       0x4c ./Core/Src/max7219_Yncrea2.o
 .text.MAX7219_Write
                0x080023e4       0x34 ./Core/Src/max7219_Yncrea2.o
 .text.MAX7219_SendByte
                0x08002418       0x24 ./Core/Src/max7219_Yncrea2.o
 .text.HAL_MspInit
                0x0800243c       0x60 ./Core/Src/stm32l1xx_hal_msp.o
                0x0800243c                HAL_MspInit
 .text.HAL_ADC_MspInit
                0x0800249c       0x90 ./Core/Src/stm32l1xx_hal_msp.o
                0x0800249c                HAL_ADC_MspInit
 .text.HAL_SPI_MspInit
                0x0800252c       0x88 ./Core/Src/stm32l1xx_hal_msp.o
                0x0800252c                HAL_SPI_MspInit
 .text.HAL_TIM_Base_MspInit
                0x080025b4       0x3c ./Core/Src/stm32l1xx_hal_msp.o
                0x080025b4                HAL_TIM_Base_MspInit
 .text.HAL_TIM_MspPostInit
                0x080025f0       0xac ./Core/Src/stm32l1xx_hal_msp.o
                0x080025f0                HAL_TIM_MspPostInit
 .text.HAL_UART_MspInit
                0x0800269c       0x88 ./Core/Src/stm32l1xx_hal_msp.o
                0x0800269c                HAL_UART_MspInit
 .text.NMI_Handler
                0x08002724        0x8 ./Core/Src/stm32l1xx_it.o
                0x08002724                NMI_Handler
 .text.HardFault_Handler
                0x0800272c        0x8 ./Core/Src/stm32l1xx_it.o
                0x0800272c                HardFault_Handler
 .text.MemManage_Handler
                0x08002734        0x8 ./Core/Src/stm32l1xx_it.o
                0x08002734                MemManage_Handler
 .text.BusFault_Handler
                0x0800273c        0x8 ./Core/Src/stm32l1xx_it.o
                0x0800273c                BusFault_Handler
 .text.UsageFault_Handler
                0x08002744        0x8 ./Core/Src/stm32l1xx_it.o
                0x08002744                UsageFault_Handler
 .text.SVC_Handler
                0x0800274c        0xc ./Core/Src/stm32l1xx_it.o
                0x0800274c                SVC_Handler
 .text.DebugMon_Handler
                0x08002758        0xc ./Core/Src/stm32l1xx_it.o
                0x08002758                DebugMon_Handler
 .text.PendSV_Handler
                0x08002764        0xc ./Core/Src/stm32l1xx_it.o
                0x08002764                PendSV_Handler
 .text.SysTick_Handler
                0x08002770        0xc ./Core/Src/stm32l1xx_it.o
                0x08002770                SysTick_Handler
 .text.ADC1_IRQHandler
                0x0800277c       0x14 ./Core/Src/stm32l1xx_it.o
                0x0800277c                ADC1_IRQHandler
 .text.EXTI9_5_IRQHandler
                0x08002790       0x48 ./Core/Src/stm32l1xx_it.o
                0x08002790                EXTI9_5_IRQHandler
 .text.EXTI15_10_IRQHandler
                0x080027d8       0x5c ./Core/Src/stm32l1xx_it.o
                0x080027d8                EXTI15_10_IRQHandler
 .text.HAL_GPIO_EXTI_Callback
                0x08002834       0x64 ./Core/Src/stm32l1xx_it.o
                0x08002834                HAL_GPIO_EXTI_Callback
 .text.HAL_ADC_LevelOutOfWindowCallback
                0x08002898       0x38 ./Core/Src/stm32l1xx_it.o
                0x08002898                HAL_ADC_LevelOutOfWindowCallback
 .text.BSP_I2C1_Init
                0x080028d0       0x64 ./Core/Src/stm32l1xx_nucleo_bus.o
                0x080028d0                BSP_I2C1_Init
 .text.BSP_I2C1_DeInit
                0x08002934       0x50 ./Core/Src/stm32l1xx_nucleo_bus.o
                0x08002934                BSP_I2C1_DeInit
 .text.BSP_I2C1_WriteReg
                0x08002984       0x64 ./Core/Src/stm32l1xx_nucleo_bus.o
                0x08002984                BSP_I2C1_WriteReg
 .text.BSP_I2C1_ReadReg
                0x080029e8       0x64 ./Core/Src/stm32l1xx_nucleo_bus.o
                0x080029e8                BSP_I2C1_ReadReg
 .text.BSP_GetTick
                0x08002a4c        0xe ./Core/Src/stm32l1xx_nucleo_bus.o
                0x08002a4c                BSP_GetTick
 *fill*         0x08002a5a        0x2 
 .text.MX_I2C1_Init
                0x08002a5c       0x68 ./Core/Src/stm32l1xx_nucleo_bus.o
                0x08002a5c                MX_I2C1_Init
 .text.I2C1_MspInit
                0x08002ac4       0x8c ./Core/Src/stm32l1xx_nucleo_bus.o
 .text.I2C1_MspDeInit
                0x08002b50       0x38 ./Core/Src/stm32l1xx_nucleo_bus.o
 .text._getpid  0x08002b88        0xe ./Core/Src/syscalls.o
                0x08002b88                _getpid
 .text._kill    0x08002b96       0x20 ./Core/Src/syscalls.o
                0x08002b96                _kill
 .text._exit    0x08002bb6       0x16 ./Core/Src/syscalls.o
                0x08002bb6                _exit
 .text._read    0x08002bcc       0x3a ./Core/Src/syscalls.o
                0x08002bcc                _read
 .text._write   0x08002c06       0x38 ./Core/Src/syscalls.o
                0x08002c06                _write
 .text._close   0x08002c3e       0x16 ./Core/Src/syscalls.o
                0x08002c3e                _close
 .text._fstat   0x08002c54       0x1e ./Core/Src/syscalls.o
                0x08002c54                _fstat
 .text._isatty  0x08002c72       0x14 ./Core/Src/syscalls.o
                0x08002c72                _isatty
 .text._lseek   0x08002c86       0x18 ./Core/Src/syscalls.o
                0x08002c86                _lseek
 *fill*         0x08002c9e        0x2 
 .text._sbrk    0x08002ca0       0x6c ./Core/Src/sysmem.o
                0x08002ca0                _sbrk
 .text.SystemInit
                0x08002d0c        0xc ./Core/Src/system_stm32l1xx.o
                0x08002d0c                SystemInit
 .text.Reset_Handler
                0x08002d18       0x48 ./Core/Startup/startup_stm32l152retx.o
                0x08002d18                Reset_Handler
 .text.Default_Handler
                0x08002d60        0x2 ./Core/Startup/startup_stm32l152retx.o
                0x08002d60                RTC_Alarm_IRQHandler
                0x08002d60                EXTI2_IRQHandler
                0x08002d60                COMP_ACQ_IRQHandler
                0x08002d60                TIM10_IRQHandler
                0x08002d60                USB_HP_IRQHandler
                0x08002d60                TIM6_IRQHandler
                0x08002d60                PVD_IRQHandler
                0x08002d60                EXTI3_IRQHandler
                0x08002d60                EXTI0_IRQHandler
                0x08002d60                I2C2_EV_IRQHandler
                0x08002d60                SPI1_IRQHandler
                0x08002d60                USB_FS_WKUP_IRQHandler
                0x08002d60                DMA2_Channel2_IRQHandler
                0x08002d60                DMA1_Channel4_IRQHandler
                0x08002d60                USART3_IRQHandler
                0x08002d60                DMA1_Channel7_IRQHandler
                0x08002d60                LCD_IRQHandler
                0x08002d60                UART5_IRQHandler
                0x08002d60                TIM4_IRQHandler
                0x08002d60                DMA2_Channel1_IRQHandler
                0x08002d60                I2C1_EV_IRQHandler
                0x08002d60                DMA1_Channel6_IRQHandler
                0x08002d60                UART4_IRQHandler
                0x08002d60                DMA2_Channel4_IRQHandler
                0x08002d60                TIM3_IRQHandler
                0x08002d60                RCC_IRQHandler
                0x08002d60                DMA1_Channel1_IRQHandler
                0x08002d60                Default_Handler
                0x08002d60                TIM7_IRQHandler
                0x08002d60                TIM5_IRQHandler
                0x08002d60                TIM9_IRQHandler
                0x08002d60                TAMPER_STAMP_IRQHandler
                0x08002d60                RTC_WKUP_IRQHandler
                0x08002d60                SPI2_IRQHandler
                0x08002d60                DMA2_Channel5_IRQHandler
                0x08002d60                DMA1_Channel5_IRQHandler
                0x08002d60                USB_LP_IRQHandler
                0x08002d60                EXTI4_IRQHandler
                0x08002d60                DMA1_Channel3_IRQHandler
                0x08002d60                COMP_IRQHandler
                0x08002d60                WWDG_IRQHandler
                0x08002d60                TIM2_IRQHandler
                0x08002d60                DAC_IRQHandler
                0x08002d60                EXTI1_IRQHandler
                0x08002d60                TIM11_IRQHandler
                0x08002d60                USART2_IRQHandler
                0x08002d60                I2C2_ER_IRQHandler
                0x08002d60                DMA1_Channel2_IRQHandler
                0x08002d60                FLASH_IRQHandler
                0x08002d60                USART1_IRQHandler
                0x08002d60                SPI3_IRQHandler
                0x08002d60                I2C1_ER_IRQHandler
                0x08002d60                DMA2_Channel3_IRQHandler
 *fill*         0x08002d62        0x2 
 .text.HTS221_RegisterBusIO
                0x08002d64       0x94 ./Drivers/BSP/Components/hts221/hts221.o
                0x08002d64                HTS221_RegisterBusIO
 .text.HTS221_Init
                0x08002df8       0x36 ./Drivers/BSP/Components/hts221/hts221.o
                0x08002df8                HTS221_Init
 .text.HTS221_DeInit
                0x08002e2e       0x48 ./Drivers/BSP/Components/hts221/hts221.o
                0x08002e2e                HTS221_DeInit
 .text.HTS221_ReadID
                0x08002e76       0x2c ./Drivers/BSP/Components/hts221/hts221.o
                0x08002e76                HTS221_ReadID
 *fill*         0x08002ea2        0x2 
 .text.HTS221_GetCapabilities
                0x08002ea4       0x54 ./Drivers/BSP/Components/hts221/hts221.o
                0x08002ea4                HTS221_GetCapabilities
 .text.HTS221_HUM_Enable
                0x08002ef8       0x4a ./Drivers/BSP/Components/hts221/hts221.o
                0x08002ef8                HTS221_HUM_Enable
 .text.HTS221_HUM_Disable
                0x08002f42       0x4a ./Drivers/BSP/Components/hts221/hts221.o
                0x08002f42                HTS221_HUM_Disable
 .text.HTS221_HUM_GetOutputDataRate
                0x08002f8c       0x1c ./Drivers/BSP/Components/hts221/hts221.o
                0x08002f8c                HTS221_HUM_GetOutputDataRate
 .text.HTS221_HUM_SetOutputDataRate
                0x08002fa8       0x1c ./Drivers/BSP/Components/hts221/hts221.o
                0x08002fa8                HTS221_HUM_SetOutputDataRate
 .text.HTS221_HUM_GetHumidity
                0x08002fc4      0x108 ./Drivers/BSP/Components/hts221/hts221.o
                0x08002fc4                HTS221_HUM_GetHumidity
 .text.HTS221_TEMP_Enable
                0x080030cc       0x4a ./Drivers/BSP/Components/hts221/hts221.o
                0x080030cc                HTS221_TEMP_Enable
 .text.HTS221_TEMP_Disable
                0x08003116       0x4a ./Drivers/BSP/Components/hts221/hts221.o
                0x08003116                HTS221_TEMP_Disable
 .text.HTS221_TEMP_GetOutputDataRate
                0x08003160       0x1c ./Drivers/BSP/Components/hts221/hts221.o
                0x08003160                HTS221_TEMP_GetOutputDataRate
 .text.HTS221_TEMP_SetOutputDataRate
                0x0800317c       0x1c ./Drivers/BSP/Components/hts221/hts221.o
                0x0800317c                HTS221_TEMP_SetOutputDataRate
 .text.HTS221_TEMP_GetTemperature
                0x08003198       0xce ./Drivers/BSP/Components/hts221/hts221.o
                0x08003198                HTS221_TEMP_GetTemperature
 *fill*         0x08003266        0x2 
 .text.HTS221_GetOutputDataRate
                0x08003268       0x88 ./Drivers/BSP/Components/hts221/hts221.o
 .text.HTS221_SetOutputDataRate
                0x080032f0       0x5c ./Drivers/BSP/Components/hts221/hts221.o
 .text.HTS221_Initialize
                0x0800334c       0x58 ./Drivers/BSP/Components/hts221/hts221.o
 .text.Linear_Interpolation
                0x080033a4       0x88 ./Drivers/BSP/Components/hts221/hts221.o
 .text.ReadRegWrap
                0x0800342c       0x62 ./Drivers/BSP/Components/hts221/hts221.o
 .text.WriteRegWrap
                0x0800348e       0x62 ./Drivers/BSP/Components/hts221/hts221.o
 .text.hts221_read_reg
                0x080034f0       0x30 ./Drivers/BSP/Components/hts221/hts221_reg.o
                0x080034f0                hts221_read_reg
 .text.hts221_write_reg
                0x08003520       0x30 ./Drivers/BSP/Components/hts221/hts221_reg.o
                0x08003520                hts221_write_reg
 .text.hts221_data_rate_set
                0x08003550       0x4c ./Drivers/BSP/Components/hts221/hts221_reg.o
                0x08003550                hts221_data_rate_set
 .text.hts221_data_rate_get
                0x0800359c       0x70 ./Drivers/BSP/Components/hts221/hts221_reg.o
                0x0800359c                hts221_data_rate_get
 .text.hts221_block_data_update_set
                0x0800360c       0x4c ./Drivers/BSP/Components/hts221/hts221_reg.o
                0x0800360c                hts221_block_data_update_set
 .text.hts221_humidity_raw_get
                0x08003658       0x44 ./Drivers/BSP/Components/hts221/hts221_reg.o
                0x08003658                hts221_humidity_raw_get
 .text.hts221_temperature_raw_get
                0x0800369c       0x44 ./Drivers/BSP/Components/hts221/hts221_reg.o
                0x0800369c                hts221_temperature_raw_get
 .text.hts221_device_id_get
                0x080036e0       0x22 ./Drivers/BSP/Components/hts221/hts221_reg.o
                0x080036e0                hts221_device_id_get
 .text.hts221_power_on_set
                0x08003702       0x4c ./Drivers/BSP/Components/hts221/hts221_reg.o
                0x08003702                hts221_power_on_set
 .text.hts221_hum_rh_point_0_get
                0x0800374e       0x40 ./Drivers/BSP/Components/hts221/hts221_reg.o
                0x0800374e                hts221_hum_rh_point_0_get
 .text.hts221_hum_rh_point_1_get
                0x0800378e       0x40 ./Drivers/BSP/Components/hts221/hts221_reg.o
                0x0800378e                hts221_hum_rh_point_1_get
 .text.hts221_temp_deg_point_0_get
                0x080037ce       0x66 ./Drivers/BSP/Components/hts221/hts221_reg.o
                0x080037ce                hts221_temp_deg_point_0_get
 .text.hts221_temp_deg_point_1_get
                0x08003834       0x66 ./Drivers/BSP/Components/hts221/hts221_reg.o
                0x08003834                hts221_temp_deg_point_1_get
 .text.hts221_hum_adc_point_0_get
                0x0800389a       0x42 ./Drivers/BSP/Components/hts221/hts221_reg.o
                0x0800389a                hts221_hum_adc_point_0_get
 .text.hts221_hum_adc_point_1_get
                0x080038dc       0x42 ./Drivers/BSP/Components/hts221/hts221_reg.o
                0x080038dc                hts221_hum_adc_point_1_get
 .text.hts221_temp_adc_point_0_get
                0x0800391e       0x42 ./Drivers/BSP/Components/hts221/hts221_reg.o
                0x0800391e                hts221_temp_adc_point_0_get
 .text.hts221_temp_adc_point_1_get
                0x08003960       0x42 ./Drivers/BSP/Components/hts221/hts221_reg.o
                0x08003960                hts221_temp_adc_point_1_get
 *fill*         0x080039a2        0x2 
 .text.LPS22HH_RegisterBusIO
                0x080039a4       0xd4 ./Drivers/BSP/Components/lps22hh/lps22hh.o
                0x080039a4                LPS22HH_RegisterBusIO
 .text.LPS22HH_Init
                0x08003a78       0x36 ./Drivers/BSP/Components/lps22hh/lps22hh.o
                0x08003a78                LPS22HH_Init
 .text.LPS22HH_DeInit
                0x08003aae       0x48 ./Drivers/BSP/Components/lps22hh/lps22hh.o
                0x08003aae                LPS22HH_DeInit
 .text.LPS22HH_ReadID
                0x08003af6       0x2c ./Drivers/BSP/Components/lps22hh/lps22hh.o
                0x08003af6                LPS22HH_ReadID
 *fill*         0x08003b22        0x2 
 .text.LPS22HH_GetCapabilities
                0x08003b24       0x54 ./Drivers/BSP/Components/lps22hh/lps22hh.o
                0x08003b24                LPS22HH_GetCapabilities
 .text.LPS22HH_PRESS_Enable
                0x08003b78       0x48 ./Drivers/BSP/Components/lps22hh/lps22hh.o
                0x08003b78                LPS22HH_PRESS_Enable
 .text.LPS22HH_PRESS_Disable
                0x08003bc0       0x68 ./Drivers/BSP/Components/lps22hh/lps22hh.o
                0x08003bc0                LPS22HH_PRESS_Disable
 .text.LPS22HH_PRESS_GetOutputDataRate
                0x08003c28       0x1c ./Drivers/BSP/Components/lps22hh/lps22hh.o
                0x08003c28                LPS22HH_PRESS_GetOutputDataRate
 .text.LPS22HH_PRESS_SetOutputDataRate
                0x08003c44       0x32 ./Drivers/BSP/Components/lps22hh/lps22hh.o
                0x08003c44                LPS22HH_PRESS_SetOutputDataRate
 .text.LPS22HH_PRESS_GetPressure
                0x08003c76       0x4c ./Drivers/BSP/Components/lps22hh/lps22hh.o
                0x08003c76                LPS22HH_PRESS_GetPressure
 .text.LPS22HH_TEMP_Enable
                0x08003cc2       0x48 ./Drivers/BSP/Components/lps22hh/lps22hh.o
                0x08003cc2                LPS22HH_TEMP_Enable
 .text.LPS22HH_TEMP_Disable
                0x08003d0a       0x68 ./Drivers/BSP/Components/lps22hh/lps22hh.o
                0x08003d0a                LPS22HH_TEMP_Disable
 .text.LPS22HH_TEMP_GetOutputDataRate
                0x08003d72       0x1c ./Drivers/BSP/Components/lps22hh/lps22hh.o
                0x08003d72                LPS22HH_TEMP_GetOutputDataRate
 .text.LPS22HH_TEMP_SetOutputDataRate
                0x08003d8e       0x32 ./Drivers/BSP/Components/lps22hh/lps22hh.o
                0x08003d8e                LPS22HH_TEMP_SetOutputDataRate
 .text.LPS22HH_TEMP_GetTemperature
                0x08003dc0       0x4e ./Drivers/BSP/Components/lps22hh/lps22hh.o
                0x08003dc0                LPS22HH_TEMP_GetTemperature
 .text.LPS22HH_Write_Reg
                0x08003e0e       0x36 ./Drivers/BSP/Components/lps22hh/lps22hh.o
                0x08003e0e                LPS22HH_Write_Reg
 .text.LPS22HH_GetOutputDataRate
                0x08003e44       0xc8 ./Drivers/BSP/Components/lps22hh/lps22hh.o
 .text.LPS22HH_SetOutputDataRate_When_Enabled
                0x08003f0c       0xd4 ./Drivers/BSP/Components/lps22hh/lps22hh.o
 .text.LPS22HH_SetOutputDataRate_When_Disabled
                0x08003fe0       0xa0 ./Drivers/BSP/Components/lps22hh/lps22hh.o
 .text.LPS22HH_Initialize
                0x08004080       0x9a ./Drivers/BSP/Components/lps22hh/lps22hh.o
 .text.ReadRegWrap
                0x0800411a       0x36 ./Drivers/BSP/Components/lps22hh/lps22hh.o
 .text.WriteRegWrap
                0x08004150       0x36 ./Drivers/BSP/Components/lps22hh/lps22hh.o
 .text.lps22hh_read_reg
                0x08004186       0x30 ./Drivers/BSP/Components/lps22hh/lps22hh_reg.o
                0x08004186                lps22hh_read_reg
 .text.lps22hh_write_reg
                0x080041b6       0x30 ./Drivers/BSP/Components/lps22hh/lps22hh_reg.o
                0x080041b6                lps22hh_write_reg
 .text.lps22hh_from_lsb_to_hpa
                0x080041e6       0x24 ./Drivers/BSP/Components/lps22hh/lps22hh_reg.o
                0x080041e6                lps22hh_from_lsb_to_hpa
 *fill*         0x0800420a        0x2 
 .text.lps22hh_from_lsb_to_celsius
                0x0800420c       0x2c ./Drivers/BSP/Components/lps22hh/lps22hh_reg.o
                0x0800420c                lps22hh_from_lsb_to_celsius
 .text.lps22hh_block_data_update_set
                0x08004238       0x4c ./Drivers/BSP/Components/lps22hh/lps22hh_reg.o
                0x08004238                lps22hh_block_data_update_set
 .text.lps22hh_data_rate_set
                0x08004284       0x9c ./Drivers/BSP/Components/lps22hh/lps22hh_reg.o
                0x08004284                lps22hh_data_rate_set
 .text.lps22hh_data_rate_get
                0x08004320      0x150 ./Drivers/BSP/Components/lps22hh/lps22hh_reg.o
                0x08004320                lps22hh_data_rate_get
 .text.lps22hh_pressure_raw_get
                0x08004470       0x52 ./Drivers/BSP/Components/lps22hh/lps22hh_reg.o
                0x08004470                lps22hh_pressure_raw_get
 .text.lps22hh_temperature_raw_get
                0x080044c2       0x44 ./Drivers/BSP/Components/lps22hh/lps22hh_reg.o
                0x080044c2                lps22hh_temperature_raw_get
 .text.lps22hh_device_id_get
                0x08004506       0x22 ./Drivers/BSP/Components/lps22hh/lps22hh_reg.o
                0x08004506                lps22hh_device_id_get
 .text.lps22hh_auto_increment_set
                0x08004528       0x4c ./Drivers/BSP/Components/lps22hh/lps22hh_reg.o
                0x08004528                lps22hh_auto_increment_set
 .text.lps22hh_lp_bandwidth_set
                0x08004574       0x4c ./Drivers/BSP/Components/lps22hh/lps22hh_reg.o
                0x08004574                lps22hh_lp_bandwidth_set
 .text.lps22hh_i3c_interface_set
                0x080045c0       0x5e ./Drivers/BSP/Components/lps22hh/lps22hh_reg.o
                0x080045c0                lps22hh_i3c_interface_set
 *fill*         0x0800461e        0x2 
 .text.STTS751_RegisterBusIO
                0x08004620       0x94 ./Drivers/BSP/Components/stts751/stts751.o
                0x08004620                STTS751_RegisterBusIO
 .text.STTS751_Init
                0x080046b4       0x74 ./Drivers/BSP/Components/stts751/stts751.o
                0x080046b4                STTS751_Init
 .text.STTS751_DeInit
                0x08004728       0x36 ./Drivers/BSP/Components/stts751/stts751.o
                0x08004728                STTS751_DeInit
 .text.STTS751_ReadID
                0x0800475e       0x36 ./Drivers/BSP/Components/stts751/stts751.o
                0x0800475e                STTS751_ReadID
 .text.STTS751_GetCapabilities
                0x08004794       0x54 ./Drivers/BSP/Components/stts751/stts751.o
                0x08004794                STTS751_GetCapabilities
 .text.STTS751_TEMP_Enable
                0x080047e8       0x40 ./Drivers/BSP/Components/stts751/stts751.o
                0x080047e8                STTS751_TEMP_Enable
 .text.STTS751_TEMP_Disable
                0x08004828       0x58 ./Drivers/BSP/Components/stts751/stts751.o
                0x08004828                STTS751_TEMP_Disable
 .text.STTS751_TEMP_GetOutputDataRate
                0x08004880       0xf4 ./Drivers/BSP/Components/stts751/stts751.o
                0x08004880                STTS751_TEMP_GetOutputDataRate
 .text.STTS751_TEMP_SetOutputDataRate
                0x08004974      0x164 ./Drivers/BSP/Components/stts751/stts751.o
                0x08004974                STTS751_TEMP_SetOutputDataRate
 .text.STTS751_TEMP_GetTemperature
                0x08004ad8       0x40 ./Drivers/BSP/Components/stts751/stts751.o
                0x08004ad8                STTS751_TEMP_GetTemperature
 .text.ReadRegWrap
                0x08004b18       0x6e ./Drivers/BSP/Components/stts751/stts751.o
 .text.WriteRegWrap
                0x08004b86       0x6e ./Drivers/BSP/Components/stts751/stts751.o
 .text.stts751_read_reg
                0x08004bf4       0x30 ./Drivers/BSP/Components/stts751/stts751_reg.o
                0x08004bf4                stts751_read_reg
 .text.stts751_write_reg
                0x08004c24       0x30 ./Drivers/BSP/Components/stts751/stts751_reg.o
                0x08004c24                stts751_write_reg
 .text.stts751_from_lsb_to_celsius
                0x08004c54       0x2a ./Drivers/BSP/Components/stts751/stts751_reg.o
                0x08004c54                stts751_from_lsb_to_celsius
 .text.stts751_temp_data_rate_set
                0x08004c7e       0xac ./Drivers/BSP/Components/stts751/stts751_reg.o
                0x08004c7e                stts751_temp_data_rate_set
 *fill*         0x08004d2a        0x2 
 .text.stts751_temp_data_rate_get
                0x08004d2c      0x100 ./Drivers/BSP/Components/stts751/stts751_reg.o
                0x08004d2c                stts751_temp_data_rate_get
 .text.stts751_resolution_set
                0x08004e2c       0x4c ./Drivers/BSP/Components/stts751/stts751_reg.o
                0x08004e2c                stts751_resolution_set
 .text.stts751_resolution_get
                0x08004e78       0x70 ./Drivers/BSP/Components/stts751/stts751_reg.o
                0x08004e78                stts751_resolution_get
 .text.stts751_temperature_raw_get
                0x08004ee8       0x5c ./Drivers/BSP/Components/stts751/stts751_reg.o
                0x08004ee8                stts751_temperature_raw_get
 .text.stts751_pin_event_route_set
                0x08004f44       0x4c ./Drivers/BSP/Components/stts751/stts751_reg.o
                0x08004f44                stts751_pin_event_route_set
 .text.stts751_device_id_get
                0x08004f90       0x4e ./Drivers/BSP/Components/stts751/stts751_reg.o
                0x08004f90                stts751_device_id_get
 *fill*         0x08004fde        0x2 
 .text.IKS01A3_ENV_SENSOR_Init
                0x08004fe0      0x21c ./Drivers/BSP/IKS01A3/iks01a3_env_sensors.o
                0x08004fe0                IKS01A3_ENV_SENSOR_Init
 .text.IKS01A3_ENV_SENSOR_GetValue
                0x080051fc       0x84 ./Drivers/BSP/IKS01A3/iks01a3_env_sensors.o
                0x080051fc                IKS01A3_ENV_SENSOR_GetValue
 .text.HTS221_0_Probe
                0x08005280      0x194 ./Drivers/BSP/IKS01A3/iks01a3_env_sensors.o
 .text.LPS22HH_0_Probe
                0x08005414      0x198 ./Drivers/BSP/IKS01A3/iks01a3_env_sensors.o
 .text.STTS751_0_Probe
                0x080055ac      0x164 ./Drivers/BSP/IKS01A3/iks01a3_env_sensors.o
 .text.HAL_Init
                0x08005710       0x30 ./Drivers/STM32L1xx_HAL_Driver/Src/stm32l1xx_hal.o
                0x08005710                HAL_Init
 .text.HAL_InitTick
                0x08005740       0x74 ./Drivers/STM32L1xx_HAL_Driver/Src/stm32l1xx_hal.o
                0x08005740                HAL_InitTick
 .text.HAL_IncTick
                0x080057b4       0x24 ./Drivers/STM32L1xx_HAL_Driver/Src/stm32l1xx_hal.o
                0x080057b4                HAL_IncTick
 .text.HAL_GetTick
                0x080057d8       0x14 ./Drivers/STM32L1xx_HAL_Driver/Src/stm32l1xx_hal.o
                0x080057d8                HAL_GetTick
 .text.HAL_Delay
                0x080057ec       0x44 ./Drivers/STM32L1xx_HAL_Driver/Src/stm32l1xx_hal.o
                0x080057ec                HAL_Delay
 .text.HAL_ADC_Init
                0x08005830      0x28c ./Drivers/STM32L1xx_HAL_Driver/Src/stm32l1xx_hal_adc.o
                0x08005830                HAL_ADC_Init
 .text.HAL_ADC_PollForConversion
                0x08005abc      0x120 ./Drivers/STM32L1xx_HAL_Driver/Src/stm32l1xx_hal_adc.o
                0x08005abc                HAL_ADC_PollForConversion
 .text.HAL_ADC_Start_IT
                0x08005bdc       0xd4 ./Drivers/STM32L1xx_HAL_Driver/Src/stm32l1xx_hal_adc.o
                0x08005bdc                HAL_ADC_Start_IT
 .text.HAL_ADC_Stop_IT
                0x08005cb0       0x68 ./Drivers/STM32L1xx_HAL_Driver/Src/stm32l1xx_hal_adc.o
                0x08005cb0                HAL_ADC_Stop_IT
 .text.HAL_ADC_GetValue
                0x08005d18       0x18 ./Drivers/STM32L1xx_HAL_Driver/Src/stm32l1xx_hal_adc.o
                0x08005d18                HAL_ADC_GetValue
 .text.HAL_ADC_IRQHandler
                0x08005d30      0x1ee ./Drivers/STM32L1xx_HAL_Driver/Src/stm32l1xx_hal_adc.o
                0x08005d30                HAL_ADC_IRQHandler
 .text.HAL_ADC_ConvCpltCallback
                0x08005f1e       0x12 ./Drivers/STM32L1xx_HAL_Driver/Src/stm32l1xx_hal_adc.o
                0x08005f1e                HAL_ADC_ConvCpltCallback
 .text.HAL_ADC_ErrorCallback
                0x08005f30       0x12 ./Drivers/STM32L1xx_HAL_Driver/Src/stm32l1xx_hal_adc.o
                0x08005f30                HAL_ADC_ErrorCallback
 *fill*         0x08005f42        0x2 
 .text.HAL_ADC_ConfigChannel
                0x08005f44      0x2d8 ./Drivers/STM32L1xx_HAL_Driver/Src/stm32l1xx_hal_adc.o
                0x08005f44                HAL_ADC_ConfigChannel
 .text.HAL_ADC_AnalogWDGConfig
                0x0800621c       0xb8 ./Drivers/STM32L1xx_HAL_Driver/Src/stm32l1xx_hal_adc.o
                0x0800621c                HAL_ADC_AnalogWDGConfig
 .text.ADC_Enable
                0x080062d4       0xb8 ./Drivers/STM32L1xx_HAL_Driver/Src/stm32l1xx_hal_adc.o
                0x080062d4                ADC_Enable
 .text.ADC_ConversionStop_Disable
                0x0800638c       0x82 ./Drivers/STM32L1xx_HAL_Driver/Src/stm32l1xx_hal_adc.o
                0x0800638c                ADC_ConversionStop_Disable
 .text.HAL_ADCEx_InjectedConvCpltCallback
                0x0800640e       0x12 ./Drivers/STM32L1xx_HAL_Driver/Src/stm32l1xx_hal_adc_ex.o
                0x0800640e                HAL_ADCEx_InjectedConvCpltCallback
 .text.__NVIC_SetPriorityGrouping
                0x08006420       0x48 ./Drivers/STM32L1xx_HAL_Driver/Src/stm32l1xx_hal_cortex.o
 .text.__NVIC_GetPriorityGrouping
                0x08006468       0x1c ./Drivers/STM32L1xx_HAL_Driver/Src/stm32l1xx_hal_cortex.o
 .text.__NVIC_EnableIRQ
                0x08006484       0x38 ./Drivers/STM32L1xx_HAL_Driver/Src/stm32l1xx_hal_cortex.o
 .text.__NVIC_SetPriority
                0x080064bc       0x54 ./Drivers/STM32L1xx_HAL_Driver/Src/stm32l1xx_hal_cortex.o
 .text.NVIC_EncodePriority
                0x08006510       0x64 ./Drivers/STM32L1xx_HAL_Driver/Src/stm32l1xx_hal_cortex.o
 .text.SysTick_Config
                0x08006574       0x44 ./Drivers/STM32L1xx_HAL_Driver/Src/stm32l1xx_hal_cortex.o
 .text.HAL_NVIC_SetPriorityGrouping
                0x080065b8       0x16 ./Drivers/STM32L1xx_HAL_Driver/Src/stm32l1xx_hal_cortex.o
                0x080065b8                HAL_NVIC_SetPriorityGrouping
 .text.HAL_NVIC_SetPriority
                0x080065ce       0x38 ./Drivers/STM32L1xx_HAL_Driver/Src/stm32l1xx_hal_cortex.o
                0x080065ce                HAL_NVIC_SetPriority
 .text.HAL_NVIC_EnableIRQ
                0x08006606       0x1c ./Drivers/STM32L1xx_HAL_Driver/Src/stm32l1xx_hal_cortex.o
                0x08006606                HAL_NVIC_EnableIRQ
 .text.HAL_SYSTICK_Config
                0x08006622       0x18 ./Drivers/STM32L1xx_HAL_Driver/Src/stm32l1xx_hal_cortex.o
                0x08006622                HAL_SYSTICK_Config
 *fill*         0x0800663a        0x2 
 .text.HAL_GPIO_Init
                0x0800663c      0x320 ./Drivers/STM32L1xx_HAL_Driver/Src/stm32l1xx_hal_gpio.o
                0x0800663c                HAL_GPIO_Init
 .text.HAL_GPIO_DeInit
                0x0800695c      0x1e0 ./Drivers/STM32L1xx_HAL_Driver/Src/stm32l1xx_hal_gpio.o
                0x0800695c                HAL_GPIO_DeInit
 .text.HAL_GPIO_WritePin
                0x08006b3c       0x30 ./Drivers/STM32L1xx_HAL_Driver/Src/stm32l1xx_hal_gpio.o
                0x08006b3c                HAL_GPIO_WritePin
 .text.HAL_GPIO_EXTI_IRQHandler
                0x08006b6c       0x30 ./Drivers/STM32L1xx_HAL_Driver/Src/stm32l1xx_hal_gpio.o
                0x08006b6c                HAL_GPIO_EXTI_IRQHandler
 .text.HAL_I2C_Init
                0x08006b9c      0x288 ./Drivers/STM32L1xx_HAL_Driver/Src/stm32l1xx_hal_i2c.o
                0x08006b9c                HAL_I2C_Init
 .text.HAL_I2C_DeInit
                0x08006e24       0x5e ./Drivers/STM32L1xx_HAL_Driver/Src/stm32l1xx_hal_i2c.o
                0x08006e24                HAL_I2C_DeInit
 .text.HAL_I2C_MspInit
                0x08006e82       0x12 ./Drivers/STM32L1xx_HAL_Driver/Src/stm32l1xx_hal_i2c.o
                0x08006e82                HAL_I2C_MspInit
 .text.HAL_I2C_MspDeInit
                0x08006e94       0x12 ./Drivers/STM32L1xx_HAL_Driver/Src/stm32l1xx_hal_i2c.o
                0x08006e94                HAL_I2C_MspDeInit
 *fill*         0x08006ea6        0x2 
 .text.HAL_I2C_Mem_Write
                0x08006ea8      0x1f4 ./Drivers/STM32L1xx_HAL_Driver/Src/stm32l1xx_hal_i2c.o
                0x08006ea8                HAL_I2C_Mem_Write
 .text.HAL_I2C_Mem_Read
                0x0800709c      0x44c ./Drivers/STM32L1xx_HAL_Driver/Src/stm32l1xx_hal_i2c.o
                0x0800709c                HAL_I2C_Mem_Read
 .text.HAL_I2C_GetState
                0x080074e8       0x1a ./Drivers/STM32L1xx_HAL_Driver/Src/stm32l1xx_hal_i2c.o
                0x080074e8                HAL_I2C_GetState
 .text.HAL_I2C_GetError
                0x08007502       0x16 ./Drivers/STM32L1xx_HAL_Driver/Src/stm32l1xx_hal_i2c.o
                0x08007502                HAL_I2C_GetError
 .text.I2C_RequestMemoryWrite
                0x08007518      0x12c ./Drivers/STM32L1xx_HAL_Driver/Src/stm32l1xx_hal_i2c.o
 .text.I2C_RequestMemoryRead
                0x08007644      0x1d0 ./Drivers/STM32L1xx_HAL_Driver/Src/stm32l1xx_hal_i2c.o
 .text.I2C_WaitOnFlagUntilTimeout
                0x08007814       0xf4 ./Drivers/STM32L1xx_HAL_Driver/Src/stm32l1xx_hal_i2c.o
 .text.I2C_WaitOnMasterAddressFlagUntilTimeout
                0x08007908      0x140 ./Drivers/STM32L1xx_HAL_Driver/Src/stm32l1xx_hal_i2c.o
 .text.I2C_WaitOnTXEFlagUntilTimeout
                0x08007a48       0x90 ./Drivers/STM32L1xx_HAL_Driver/Src/stm32l1xx_hal_i2c.o
 .text.I2C_WaitOnBTFFlagUntilTimeout
                0x08007ad8       0x90 ./Drivers/STM32L1xx_HAL_Driver/Src/stm32l1xx_hal_i2c.o
 .text.I2C_WaitOnRXNEFlagUntilTimeout
                0x08007b68       0xba ./Drivers/STM32L1xx_HAL_Driver/Src/stm32l1xx_hal_i2c.o
 .text.I2C_IsAcknowledgeFailed
                0x08007c22       0x5c ./Drivers/STM32L1xx_HAL_Driver/Src/stm32l1xx_hal_i2c.o
 *fill*         0x08007c7e        0x2 
 .text.HAL_RCC_OscConfig
                0x08007c80      0x660 ./Drivers/STM32L1xx_HAL_Driver/Src/stm32l1xx_hal_rcc.o
                0x08007c80                HAL_RCC_OscConfig
 .text.HAL_RCC_ClockConfig
                0x080082e0      0x268 ./Drivers/STM32L1xx_HAL_Driver/Src/stm32l1xx_hal_rcc.o
                0x080082e0                HAL_RCC_ClockConfig
 .text.HAL_RCC_GetSysClockFreq
                0x08008548      0x200 ./Drivers/STM32L1xx_HAL_Driver/Src/stm32l1xx_hal_rcc.o
                0x08008548                HAL_RCC_GetSysClockFreq
 .text.HAL_RCC_GetHCLKFreq
                0x08008748       0x14 ./Drivers/STM32L1xx_HAL_Driver/Src/stm32l1xx_hal_rcc.o
                0x08008748                HAL_RCC_GetHCLKFreq
 .text.HAL_RCC_GetPCLK1Freq
                0x0800875c       0x28 ./Drivers/STM32L1xx_HAL_Driver/Src/stm32l1xx_hal_rcc.o
                0x0800875c                HAL_RCC_GetPCLK1Freq
 .text.HAL_RCC_GetPCLK2Freq
                0x08008784       0x28 ./Drivers/STM32L1xx_HAL_Driver/Src/stm32l1xx_hal_rcc.o
                0x08008784                HAL_RCC_GetPCLK2Freq
 .text.RCC_SetFlashLatencyFromMSIRange
                0x080087ac       0xc0 ./Drivers/STM32L1xx_HAL_Driver/Src/stm32l1xx_hal_rcc.o
 .text.HAL_SPI_Init
                0x0800886c      0x112 ./Drivers/STM32L1xx_HAL_Driver/Src/stm32l1xx_hal_spi.o
                0x0800886c                HAL_SPI_Init
 .text.HAL_SPI_Transmit
                0x0800897e      0x286 ./Drivers/STM32L1xx_HAL_Driver/Src/stm32l1xx_hal_spi.o
                0x0800897e                HAL_SPI_Transmit
 .text.SPI_WaitFlagStateUntilTimeout
                0x08008c04      0x110 ./Drivers/STM32L1xx_HAL_Driver/Src/stm32l1xx_hal_spi.o
 .text.SPI_EndRxTxTransaction
                0x08008d14       0x84 ./Drivers/STM32L1xx_HAL_Driver/Src/stm32l1xx_hal_spi.o
 .text.HAL_TIM_Base_Init
                0x08008d98       0x7e ./Drivers/STM32L1xx_HAL_Driver/Src/stm32l1xx_hal_tim.o
                0x08008d98                HAL_TIM_Base_Init
 .text.HAL_TIM_PWM_Init
                0x08008e16       0x7e ./Drivers/STM32L1xx_HAL_Driver/Src/stm32l1xx_hal_tim.o
                0x08008e16                HAL_TIM_PWM_Init
 .text.HAL_TIM_PWM_MspInit
                0x08008e94       0x12 ./Drivers/STM32L1xx_HAL_Driver/Src/stm32l1xx_hal_tim.o
                0x08008e94                HAL_TIM_PWM_MspInit
 *fill*         0x08008ea6        0x2 
 .text.HAL_TIM_PWM_Start
                0x08008ea8      0x12c ./Drivers/STM32L1xx_HAL_Driver/Src/stm32l1xx_hal_tim.o
                0x08008ea8                HAL_TIM_PWM_Start
 .text.HAL_TIM_PWM_Stop
                0x08008fd4       0x7a ./Drivers/STM32L1xx_HAL_Driver/Src/stm32l1xx_hal_tim.o
                0x08008fd4                HAL_TIM_PWM_Stop
 *fill*         0x0800904e        0x2 
 .text.HAL_TIM_PWM_Start_IT
                0x08009050      0x1c4 ./Drivers/STM32L1xx_HAL_Driver/Src/stm32l1xx_hal_tim.o
                0x08009050                HAL_TIM_PWM_Start_IT
 .text.HAL_TIM_PWM_Stop_IT
                0x08009214      0x114 ./Drivers/STM32L1xx_HAL_Driver/Src/stm32l1xx_hal_tim.o
                0x08009214                HAL_TIM_PWM_Stop_IT
 .text.HAL_TIM_PWM_ConfigChannel
                0x08009328      0x184 ./Drivers/STM32L1xx_HAL_Driver/Src/stm32l1xx_hal_tim.o
                0x08009328                HAL_TIM_PWM_ConfigChannel
 .text.HAL_TIM_ConfigClockSource
                0x080094ac      0x18e ./Drivers/STM32L1xx_HAL_Driver/Src/stm32l1xx_hal_tim.o
                0x080094ac                HAL_TIM_ConfigClockSource
 *fill*         0x0800963a        0x2 
 .text.TIM_Base_SetConfig
                0x0800963c       0xe0 ./Drivers/STM32L1xx_HAL_Driver/Src/stm32l1xx_hal_tim.o
 .text.TIM_OC1_SetConfig
                0x0800971c       0x78 ./Drivers/STM32L1xx_HAL_Driver/Src/stm32l1xx_hal_tim.o
 .text.TIM_OC2_SetConfig
                0x08009794       0x7c ./Drivers/STM32L1xx_HAL_Driver/Src/stm32l1xx_hal_tim.o
 .text.TIM_OC3_SetConfig
                0x08009810       0x7a ./Drivers/STM32L1xx_HAL_Driver/Src/stm32l1xx_hal_tim.o
 .text.TIM_OC4_SetConfig
                0x0800988a       0x7c ./Drivers/STM32L1xx_HAL_Driver/Src/stm32l1xx_hal_tim.o
 .text.TIM_TI1_ConfigInputStage
                0x08009906       0x5c ./Drivers/STM32L1xx_HAL_Driver/Src/stm32l1xx_hal_tim.o
 .text.TIM_TI2_ConfigInputStage
                0x08009962       0x5e ./Drivers/STM32L1xx_HAL_Driver/Src/stm32l1xx_hal_tim.o
 .text.TIM_ITRx_SetConfig
                0x080099c0       0x34 ./Drivers/STM32L1xx_HAL_Driver/Src/stm32l1xx_hal_tim.o
 .text.TIM_ETR_SetConfig
                0x080099f4       0x3e ./Drivers/STM32L1xx_HAL_Driver/Src/stm32l1xx_hal_tim.o
 .text.TIM_CCxChannelCmd
                0x08009a32       0x48 ./Drivers/STM32L1xx_HAL_Driver/Src/stm32l1xx_hal_tim.o
 *fill*         0x08009a7a        0x2 
 .text.HAL_TIMEx_MasterConfigSynchronization
                0x08009a7c       0xbc ./Drivers/STM32L1xx_HAL_Driver/Src/stm32l1xx_hal_tim_ex.o
                0x08009a7c                HAL_TIMEx_MasterConfigSynchronization
 .text.HAL_UART_Init
                0x08009b38       0xa0 ./Drivers/STM32L1xx_HAL_Driver/Src/stm32l1xx_hal_uart.o
                0x08009b38                HAL_UART_Init
 .text.HAL_UART_Transmit
                0x08009bd8      0x106 ./Drivers/STM32L1xx_HAL_Driver/Src/stm32l1xx_hal_uart.o
                0x08009bd8                HAL_UART_Transmit
 .text.UART_WaitOnFlagUntilTimeout
                0x08009cde       0xdc ./Drivers/STM32L1xx_HAL_Driver/Src/stm32l1xx_hal_uart.o
 *fill*         0x08009dba        0x2 
 .text.UART_SetConfig
                0x08009dbc      0x1c8 ./Drivers/STM32L1xx_HAL_Driver/Src/stm32l1xx_hal_uart.o
 .text.__cvt    0x08009f84       0xc8 C:/ST/STM32CubeIDE_1.15.1/STM32CubeIDE/plugins/com.st.stm32cube.ide.mcu.externaltools.gnu-tools-for-stm32.12.3.rel1.win32_1.0.100.202403111256/tools/bin/../lib/gcc/arm-none-eabi/12.3.1/../../../../arm-none-eabi/lib/thumb/v7-m/nofp\libc_nano.a(libc_a-nano-vfprintf_float.o)
                0x08009f84                __cvt
 .text.__exponent
                0x0800a04c       0x74 C:/ST/STM32CubeIDE_1.15.1/STM32CubeIDE/plugins/com.st.stm32cube.ide.mcu.externaltools.gnu-tools-for-stm32.12.3.rel1.win32_1.0.100.202403111256/tools/bin/../lib/gcc/arm-none-eabi/12.3.1/../../../../arm-none-eabi/lib/thumb/v7-m/nofp\libc_nano.a(libc_a-nano-vfprintf_float.o)
                0x0800a04c                __exponent
 .text._printf_float
                0x0800a0c0      0x458 C:/ST/STM32CubeIDE_1.15.1/STM32CubeIDE/plugins/com.st.stm32cube.ide.mcu.externaltools.gnu-tools-for-stm32.12.3.rel1.win32_1.0.100.202403111256/tools/bin/../lib/gcc/arm-none-eabi/12.3.1/../../../../arm-none-eabi/lib/thumb/v7-m/nofp\libc_nano.a(libc_a-nano-vfprintf_float.o)
                0x0800a0c0                _printf_float
 .text._printf_common
                0x0800a518       0xe4 C:/ST/STM32CubeIDE_1.15.1/STM32CubeIDE/plugins/com.st.stm32cube.ide.mcu.externaltools.gnu-tools-for-stm32.12.3.rel1.win32_1.0.100.202403111256/tools/bin/../lib/gcc/arm-none-eabi/12.3.1/../../../../arm-none-eabi/lib/thumb/v7-m/nofp\libc_nano.a(libc_a-nano-vfprintf_i.o)
                0x0800a518                _printf_common
 .text._printf_i
                0x0800a5fc      0x240 C:/ST/STM32CubeIDE_1.15.1/STM32CubeIDE/plugins/com.st.stm32cube.ide.mcu.externaltools.gnu-tools-for-stm32.12.3.rel1.win32_1.0.100.202403111256/tools/bin/../lib/gcc/arm-none-eabi/12.3.1/../../../../arm-none-eabi/lib/thumb/v7-m/nofp\libc_nano.a(libc_a-nano-vfprintf_i.o)
                0x0800a5fc                _printf_i
 .text.std      0x0800a83c       0x6c C:/ST/STM32CubeIDE_1.15.1/STM32CubeIDE/plugins/com.st.stm32cube.ide.mcu.externaltools.gnu-tools-for-stm32.12.3.rel1.win32_1.0.100.202403111256/tools/bin/../lib/gcc/arm-none-eabi/12.3.1/../../../../arm-none-eabi/lib/thumb/v7-m/nofp\libc_nano.a(libc_a-findfp.o)
 .text.stdio_exit_handler
                0x0800a8a8       0x18 C:/ST/STM32CubeIDE_1.15.1/STM32CubeIDE/plugins/com.st.stm32cube.ide.mcu.externaltools.gnu-tools-for-stm32.12.3.rel1.win32_1.0.100.202403111256/tools/bin/../lib/gcc/arm-none-eabi/12.3.1/../../../../arm-none-eabi/lib/thumb/v7-m/nofp\libc_nano.a(libc_a-findfp.o)
 .text.cleanup_stdio
                0x0800a8c0       0x40 C:/ST/STM32CubeIDE_1.15.1/STM32CubeIDE/plugins/com.st.stm32cube.ide.mcu.externaltools.gnu-tools-for-stm32.12.3.rel1.win32_1.0.100.202403111256/tools/bin/../lib/gcc/arm-none-eabi/12.3.1/../../../../arm-none-eabi/lib/thumb/v7-m/nofp\libc_nano.a(libc_a-findfp.o)
 .text.global_stdio_init.part.0
                0x0800a900       0x3c C:/ST/STM32CubeIDE_1.15.1/STM32CubeIDE/plugins/com.st.stm32cube.ide.mcu.externaltools.gnu-tools-for-stm32.12.3.rel1.win32_1.0.100.202403111256/tools/bin/../lib/gcc/arm-none-eabi/12.3.1/../../../../arm-none-eabi/lib/thumb/v7-m/nofp\libc_nano.a(libc_a-findfp.o)
 .text.__sfp_lock_acquire
                0x0800a93c        0xc C:/ST/STM32CubeIDE_1.15.1/STM32CubeIDE/plugins/com.st.stm32cube.ide.mcu.externaltools.gnu-tools-for-stm32.12.3.rel1.win32_1.0.100.202403111256/tools/bin/../lib/gcc/arm-none-eabi/12.3.1/../../../../arm-none-eabi/lib/thumb/v7-m/nofp\libc_nano.a(libc_a-findfp.o)
                0x0800a93c                __sfp_lock_acquire
 .text.__sfp_lock_release
                0x0800a948        0xc C:/ST/STM32CubeIDE_1.15.1/STM32CubeIDE/plugins/com.st.stm32cube.ide.mcu.externaltools.gnu-tools-for-stm32.12.3.rel1.win32_1.0.100.202403111256/tools/bin/../lib/gcc/arm-none-eabi/12.3.1/../../../../arm-none-eabi/lib/thumb/v7-m/nofp\libc_nano.a(libc_a-findfp.o)
                0x0800a948                __sfp_lock_release
 .text.__sinit  0x0800a954       0x30 C:/ST/STM32CubeIDE_1.15.1/STM32CubeIDE/plugins/com.st.stm32cube.ide.mcu.externaltools.gnu-tools-for-stm32.12.3.rel1.win32_1.0.100.202403111256/tools/bin/../lib/gcc/arm-none-eabi/12.3.1/../../../../arm-none-eabi/lib/thumb/v7-m/nofp\libc_nano.a(libc_a-findfp.o)
                0x0800a954                __sinit
 .text._fwalk_sglue
                0x0800a984       0x3c C:/ST/STM32CubeIDE_1.15.1/STM32CubeIDE/plugins/com.st.stm32cube.ide.mcu.externaltools.gnu-tools-for-stm32.12.3.rel1.win32_1.0.100.202403111256/tools/bin/../lib/gcc/arm-none-eabi/12.3.1/../../../../arm-none-eabi/lib/thumb/v7-m/nofp\libc_nano.a(libc_a-fwalk.o)
                0x0800a984                _fwalk_sglue
 .text.printf   0x0800a9c0       0x24 C:/ST/STM32CubeIDE_1.15.1/STM32CubeIDE/plugins/com.st.stm32cube.ide.mcu.externaltools.gnu-tools-for-stm32.12.3.rel1.win32_1.0.100.202403111256/tools/bin/../lib/gcc/arm-none-eabi/12.3.1/../../../../arm-none-eabi/lib/thumb/v7-m/nofp\libc_nano.a(libc_a-printf.o)
                0x0800a9c0                iprintf
                0x0800a9c0                printf
 .text._puts_r  0x0800a9e4       0xaa C:/ST/STM32CubeIDE_1.15.1/STM32CubeIDE/plugins/com.st.stm32cube.ide.mcu.externaltools.gnu-tools-for-stm32.12.3.rel1.win32_1.0.100.202403111256/tools/bin/../lib/gcc/arm-none-eabi/12.3.1/../../../../arm-none-eabi/lib/thumb/v7-m/nofp\libc_nano.a(libc_a-puts.o)
                0x0800a9e4                _puts_r
 *fill*         0x0800aa8e        0x2 
 .text.puts     0x0800aa90       0x10 C:/ST/STM32CubeIDE_1.15.1/STM32CubeIDE/plugins/com.st.stm32cube.ide.mcu.externaltools.gnu-tools-for-stm32.12.3.rel1.win32_1.0.100.202403111256/tools/bin/../lib/gcc/arm-none-eabi/12.3.1/../../../../arm-none-eabi/lib/thumb/v7-m/nofp\libc_nano.a(libc_a-puts.o)
                0x0800aa90                puts
 .text.sprintf  0x0800aaa0       0x40 C:/ST/STM32CubeIDE_1.15.1/STM32CubeIDE/plugins/com.st.stm32cube.ide.mcu.externaltools.gnu-tools-for-stm32.12.3.rel1.win32_1.0.100.202403111256/tools/bin/../lib/gcc/arm-none-eabi/12.3.1/../../../../arm-none-eabi/lib/thumb/v7-m/nofp\libc_nano.a(libc_a-sprintf.o)
                0x0800aaa0                siprintf
                0x0800aaa0                sprintf
 .text.__sread  0x0800aae0       0x22 C:/ST/STM32CubeIDE_1.15.1/STM32CubeIDE/plugins/com.st.stm32cube.ide.mcu.externaltools.gnu-tools-for-stm32.12.3.rel1.win32_1.0.100.202403111256/tools/bin/../lib/gcc/arm-none-eabi/12.3.1/../../../../arm-none-eabi/lib/thumb/v7-m/nofp\libc_nano.a(libc_a-stdio.o)
                0x0800aae0                __sread
 .text.__swrite
                0x0800ab02       0x38 C:/ST/STM32CubeIDE_1.15.1/STM32CubeIDE/plugins/com.st.stm32cube.ide.mcu.externaltools.gnu-tools-for-stm32.12.3.rel1.win32_1.0.100.202403111256/tools/bin/../lib/gcc/arm-none-eabi/12.3.1/../../../../arm-none-eabi/lib/thumb/v7-m/nofp\libc_nano.a(libc_a-stdio.o)
                0x0800ab02                __swrite
 .text.__sseek  0x0800ab3a       0x24 C:/ST/STM32CubeIDE_1.15.1/STM32CubeIDE/plugins/com.st.stm32cube.ide.mcu.externaltools.gnu-tools-for-stm32.12.3.rel1.win32_1.0.100.202403111256/tools/bin/../lib/gcc/arm-none-eabi/12.3.1/../../../../arm-none-eabi/lib/thumb/v7-m/nofp\libc_nano.a(libc_a-stdio.o)
                0x0800ab3a                __sseek
 .text.__sclose
                0x0800ab5e        0x8 C:/ST/STM32CubeIDE_1.15.1/STM32CubeIDE/plugins/com.st.stm32cube.ide.mcu.externaltools.gnu-tools-for-stm32.12.3.rel1.win32_1.0.100.202403111256/tools/bin/../lib/gcc/arm-none-eabi/12.3.1/../../../../arm-none-eabi/lib/thumb/v7-m/nofp\libc_nano.a(libc_a-stdio.o)
                0x0800ab5e                __sclose
 .text.__swbuf_r
                0x0800ab66       0x7c C:/ST/STM32CubeIDE_1.15.1/STM32CubeIDE/plugins/com.st.stm32cube.ide.mcu.externaltools.gnu-tools-for-stm32.12.3.rel1.win32_1.0.100.202403111256/tools/bin/../lib/gcc/arm-none-eabi/12.3.1/../../../../arm-none-eabi/lib/thumb/v7-m/nofp\libc_nano.a(libc_a-wbuf.o)
                0x0800ab66                __swbuf_r
 *fill*         0x0800abe2        0x2 
 .text.__swsetup_r
                0x0800abe4       0xac C:/ST/STM32CubeIDE_1.15.1/STM32CubeIDE/plugins/com.st.stm32cube.ide.mcu.externaltools.gnu-tools-for-stm32.12.3.rel1.win32_1.0.100.202403111256/tools/bin/../lib/gcc/arm-none-eabi/12.3.1/../../../../arm-none-eabi/lib/thumb/v7-m/nofp\libc_nano.a(libc_a-wsetup.o)
                0x0800abe4                __swsetup_r
 .text.memset   0x0800ac90       0x10 C:/ST/STM32CubeIDE_1.15.1/STM32CubeIDE/plugins/com.st.stm32cube.ide.mcu.externaltools.gnu-tools-for-stm32.12.3.rel1.win32_1.0.100.202403111256/tools/bin/../lib/gcc/arm-none-eabi/12.3.1/../../../../arm-none-eabi/lib/thumb/v7-m/nofp\libc_nano.a(libc_a-memset.o)
                0x0800ac90                memset
 .text._localeconv_r
                0x0800aca0        0x8 C:/ST/STM32CubeIDE_1.15.1/STM32CubeIDE/plugins/com.st.stm32cube.ide.mcu.externaltools.gnu-tools-for-stm32.12.3.rel1.win32_1.0.100.202403111256/tools/bin/../lib/gcc/arm-none-eabi/12.3.1/../../../../arm-none-eabi/lib/thumb/v7-m/nofp\libc_nano.a(libc_a-localeconv.o)
                0x0800aca0                _localeconv_r
 .text._close_r
                0x0800aca8       0x20 C:/ST/STM32CubeIDE_1.15.1/STM32CubeIDE/plugins/com.st.stm32cube.ide.mcu.externaltools.gnu-tools-for-stm32.12.3.rel1.win32_1.0.100.202403111256/tools/bin/../lib/gcc/arm-none-eabi/12.3.1/../../../../arm-none-eabi/lib/thumb/v7-m/nofp\libc_nano.a(libc_a-closer.o)
                0x0800aca8                _close_r
 .text._lseek_r
                0x0800acc8       0x24 C:/ST/STM32CubeIDE_1.15.1/STM32CubeIDE/plugins/com.st.stm32cube.ide.mcu.externaltools.gnu-tools-for-stm32.12.3.rel1.win32_1.0.100.202403111256/tools/bin/../lib/gcc/arm-none-eabi/12.3.1/../../../../arm-none-eabi/lib/thumb/v7-m/nofp\libc_nano.a(libc_a-lseekr.o)
                0x0800acc8                _lseek_r
 .text._read_r  0x0800acec       0x24 C:/ST/STM32CubeIDE_1.15.1/STM32CubeIDE/plugins/com.st.stm32cube.ide.mcu.externaltools.gnu-tools-for-stm32.12.3.rel1.win32_1.0.100.202403111256/tools/bin/../lib/gcc/arm-none-eabi/12.3.1/../../../../arm-none-eabi/lib/thumb/v7-m/nofp\libc_nano.a(libc_a-readr.o)
                0x0800acec                _read_r
 .text._write_r
                0x0800ad10       0x24 C:/ST/STM32CubeIDE_1.15.1/STM32CubeIDE/plugins/com.st.stm32cube.ide.mcu.externaltools.gnu-tools-for-stm32.12.3.rel1.win32_1.0.100.202403111256/tools/bin/../lib/gcc/arm-none-eabi/12.3.1/../../../../arm-none-eabi/lib/thumb/v7-m/nofp\libc_nano.a(libc_a-writer.o)
                0x0800ad10                _write_r
 .text.__errno  0x0800ad34        0xc C:/ST/STM32CubeIDE_1.15.1/STM32CubeIDE/plugins/com.st.stm32cube.ide.mcu.externaltools.gnu-tools-for-stm32.12.3.rel1.win32_1.0.100.202403111256/tools/bin/../lib/gcc/arm-none-eabi/12.3.1/../../../../arm-none-eabi/lib/thumb/v7-m/nofp\libc_nano.a(libc_a-errno.o)
                0x0800ad34                __errno
 .text.__libc_init_array
                0x0800ad40       0x48 C:/ST/STM32CubeIDE_1.15.1/STM32CubeIDE/plugins/com.st.stm32cube.ide.mcu.externaltools.gnu-tools-for-stm32.12.3.rel1.win32_1.0.100.202403111256/tools/bin/../lib/gcc/arm-none-eabi/12.3.1/../../../../arm-none-eabi/lib/thumb/v7-m/nofp\libc_nano.a(libc_a-init.o)
                0x0800ad40                __libc_init_array
 .text.__retarget_lock_init_recursive
                0x0800ad88        0x2 C:/ST/STM32CubeIDE_1.15.1/STM32CubeIDE/plugins/com.st.stm32cube.ide.mcu.externaltools.gnu-tools-for-stm32.12.3.rel1.win32_1.0.100.202403111256/tools/bin/../lib/gcc/arm-none-eabi/12.3.1/../../../../arm-none-eabi/lib/thumb/v7-m/nofp\libc_nano.a(libc_a-lock.o)
                0x0800ad88                __retarget_lock_init_recursive
 .text.__retarget_lock_acquire_recursive
                0x0800ad8a        0x2 C:/ST/STM32CubeIDE_1.15.1/STM32CubeIDE/plugins/com.st.stm32cube.ide.mcu.externaltools.gnu-tools-for-stm32.12.3.rel1.win32_1.0.100.202403111256/tools/bin/../lib/gcc/arm-none-eabi/12.3.1/../../../../arm-none-eabi/lib/thumb/v7-m/nofp\libc_nano.a(libc_a-lock.o)
                0x0800ad8a                __retarget_lock_acquire_recursive
 .text.__retarget_lock_release_recursive
                0x0800ad8c        0x2 C:/ST/STM32CubeIDE_1.15.1/STM32CubeIDE/plugins/com.st.stm32cube.ide.mcu.externaltools.gnu-tools-for-stm32.12.3.rel1.win32_1.0.100.202403111256/tools/bin/../lib/gcc/arm-none-eabi/12.3.1/../../../../arm-none-eabi/lib/thumb/v7-m/nofp\libc_nano.a(libc_a-lock.o)
                0x0800ad8c                __retarget_lock_release_recursive
 .text.memchr   0x0800ad8e       0x1c C:/ST/STM32CubeIDE_1.15.1/STM32CubeIDE/plugins/com.st.stm32cube.ide.mcu.externaltools.gnu-tools-for-stm32.12.3.rel1.win32_1.0.100.202403111256/tools/bin/../lib/gcc/arm-none-eabi/12.3.1/../../../../arm-none-eabi/lib/thumb/v7-m/nofp\libc_nano.a(libc_a-memchr-stub.o)
                0x0800ad8e                memchr
 .text.quorem   0x0800adaa      0x110 C:/ST/STM32CubeIDE_1.15.1/STM32CubeIDE/plugins/com.st.stm32cube.ide.mcu.externaltools.gnu-tools-for-stm32.12.3.rel1.win32_1.0.100.202403111256/tools/bin/../lib/gcc/arm-none-eabi/12.3.1/../../../../arm-none-eabi/lib/thumb/v7-m/nofp\libc_nano.a(libc_a-dtoa.o)
 *fill*         0x0800aeba        0x6 
 .text._dtoa_r  0x0800aec0      0xb90 C:/ST/STM32CubeIDE_1.15.1/STM32CubeIDE/plugins/com.st.stm32cube.ide.mcu.externaltools.gnu-tools-for-stm32.12.3.rel1.win32_1.0.100.202403111256/tools/bin/../lib/gcc/arm-none-eabi/12.3.1/../../../../arm-none-eabi/lib/thumb/v7-m/nofp\libc_nano.a(libc_a-dtoa.o)
                0x0800aec0                _dtoa_r
 .text._free_r  0x0800ba50       0x90 C:/ST/STM32CubeIDE_1.15.1/STM32CubeIDE/plugins/com.st.stm32cube.ide.mcu.externaltools.gnu-tools-for-stm32.12.3.rel1.win32_1.0.100.202403111256/tools/bin/../lib/gcc/arm-none-eabi/12.3.1/../../../../arm-none-eabi/lib/thumb/v7-m/nofp\libc_nano.a(libc_a-freer.o)
                0x0800ba50                _free_r
 .text.malloc   0x0800bae0       0x10 C:/ST/STM32CubeIDE_1.15.1/STM32CubeIDE/plugins/com.st.stm32cube.ide.mcu.externaltools.gnu-tools-for-stm32.12.3.rel1.win32_1.0.100.202403111256/tools/bin/../lib/gcc/arm-none-eabi/12.3.1/../../../../arm-none-eabi/lib/thumb/v7-m/nofp\libc_nano.a(libc_a-malloc.o)
                0x0800bae0                malloc
 .text.sbrk_aligned
                0x0800baf0       0x44 C:/ST/STM32CubeIDE_1.15.1/STM32CubeIDE/plugins/com.st.stm32cube.ide.mcu.externaltools.gnu-tools-for-stm32.12.3.rel1.win32_1.0.100.202403111256/tools/bin/../lib/gcc/arm-none-eabi/12.3.1/../../../../arm-none-eabi/lib/thumb/v7-m/nofp\libc_nano.a(libc_a-mallocr.o)
 .text._malloc_r
                0x0800bb34      0x100 C:/ST/STM32CubeIDE_1.15.1/STM32CubeIDE/plugins/com.st.stm32cube.ide.mcu.externaltools.gnu-tools-for-stm32.12.3.rel1.win32_1.0.100.202403111256/tools/bin/../lib/gcc/arm-none-eabi/12.3.1/../../../../arm-none-eabi/lib/thumb/v7-m/nofp\libc_nano.a(libc_a-mallocr.o)
                0x0800bb34                _malloc_r
 .text.__malloc_lock
                0x0800bc34        0xc C:/ST/STM32CubeIDE_1.15.1/STM32CubeIDE/plugins/com.st.stm32cube.ide.mcu.externaltools.gnu-tools-for-stm32.12.3.rel1.win32_1.0.100.202403111256/tools/bin/../lib/gcc/arm-none-eabi/12.3.1/../../../../arm-none-eabi/lib/thumb/v7-m/nofp\libc_nano.a(libc_a-mlock.o)
                0x0800bc34                __malloc_lock
 .text.__malloc_unlock
                0x0800bc40        0xc C:/ST/STM32CubeIDE_1.15.1/STM32CubeIDE/plugins/com.st.stm32cube.ide.mcu.externaltools.gnu-tools-for-stm32.12.3.rel1.win32_1.0.100.202403111256/tools/bin/../lib/gcc/arm-none-eabi/12.3.1/../../../../arm-none-eabi/lib/thumb/v7-m/nofp\libc_nano.a(libc_a-mlock.o)
                0x0800bc40                __malloc_unlock
 .text._Balloc  0x0800bc4c       0x80 C:/ST/STM32CubeIDE_1.15.1/STM32CubeIDE/plugins/com.st.stm32cube.ide.mcu.externaltools.gnu-tools-for-stm32.12.3.rel1.win32_1.0.100.202403111256/tools/bin/../lib/gcc/arm-none-eabi/12.3.1/../../../../arm-none-eabi/lib/thumb/v7-m/nofp\libc_nano.a(libc_a-mprec.o)
                0x0800bc4c                _Balloc
 .text._Bfree   0x0800bccc       0x44 C:/ST/STM32CubeIDE_1.15.1/STM32CubeIDE/plugins/com.st.stm32cube.ide.mcu.externaltools.gnu-tools-for-stm32.12.3.rel1.win32_1.0.100.202403111256/tools/bin/../lib/gcc/arm-none-eabi/12.3.1/../../../../arm-none-eabi/lib/thumb/v7-m/nofp\libc_nano.a(libc_a-mprec.o)
                0x0800bccc                _Bfree
 .text.__multadd
                0x0800bd10       0x8c C:/ST/STM32CubeIDE_1.15.1/STM32CubeIDE/plugins/com.st.stm32cube.ide.mcu.externaltools.gnu-tools-for-stm32.12.3.rel1.win32_1.0.100.202403111256/tools/bin/../lib/gcc/arm-none-eabi/12.3.1/../../../../arm-none-eabi/lib/thumb/v7-m/nofp\libc_nano.a(libc_a-mprec.o)
                0x0800bd10                __multadd
 .text.__hi0bits
                0x0800bd9c       0x3e C:/ST/STM32CubeIDE_1.15.1/STM32CubeIDE/plugins/com.st.stm32cube.ide.mcu.externaltools.gnu-tools-for-stm32.12.3.rel1.win32_1.0.100.202403111256/tools/bin/../lib/gcc/arm-none-eabi/12.3.1/../../../../arm-none-eabi/lib/thumb/v7-m/nofp\libc_nano.a(libc_a-mprec.o)
                0x0800bd9c                __hi0bits
 .text.__lo0bits
                0x0800bdda       0x5a C:/ST/STM32CubeIDE_1.15.1/STM32CubeIDE/plugins/com.st.stm32cube.ide.mcu.externaltools.gnu-tools-for-stm32.12.3.rel1.win32_1.0.100.202403111256/tools/bin/../lib/gcc/arm-none-eabi/12.3.1/../../../../arm-none-eabi/lib/thumb/v7-m/nofp\libc_nano.a(libc_a-mprec.o)
                0x0800bdda                __lo0bits
 .text.__i2b    0x0800be34       0x2c C:/ST/STM32CubeIDE_1.15.1/STM32CubeIDE/plugins/com.st.stm32cube.ide.mcu.externaltools.gnu-tools-for-stm32.12.3.rel1.win32_1.0.100.202403111256/tools/bin/../lib/gcc/arm-none-eabi/12.3.1/../../../../arm-none-eabi/lib/thumb/v7-m/nofp\libc_nano.a(libc_a-mprec.o)
                0x0800be34                __i2b
 .text.__multiply
                0x0800be60      0x150 C:/ST/STM32CubeIDE_1.15.1/STM32CubeIDE/plugins/com.st.stm32cube.ide.mcu.externaltools.gnu-tools-for-stm32.12.3.rel1.win32_1.0.100.202403111256/tools/bin/../lib/gcc/arm-none-eabi/12.3.1/../../../../arm-none-eabi/lib/thumb/v7-m/nofp\libc_nano.a(libc_a-mprec.o)
                0x0800be60                __multiply
 .text.__pow5mult
                0x0800bfb0       0xb4 C:/ST/STM32CubeIDE_1.15.1/STM32CubeIDE/plugins/com.st.stm32cube.ide.mcu.externaltools.gnu-tools-for-stm32.12.3.rel1.win32_1.0.100.202403111256/tools/bin/../lib/gcc/arm-none-eabi/12.3.1/../../../../arm-none-eabi/lib/thumb/v7-m/nofp\libc_nano.a(libc_a-mprec.o)
                0x0800bfb0                __pow5mult
 .text.__lshift
                0x0800c064       0xd8 C:/ST/STM32CubeIDE_1.15.1/STM32CubeIDE/plugins/com.st.stm32cube.ide.mcu.externaltools.gnu-tools-for-stm32.12.3.rel1.win32_1.0.100.202403111256/tools/bin/../lib/gcc/arm-none-eabi/12.3.1/../../../../arm-none-eabi/lib/thumb/v7-m/nofp\libc_nano.a(libc_a-mprec.o)
                0x0800c064                __lshift
 .text.__mcmp   0x0800c13c       0x36 C:/ST/STM32CubeIDE_1.15.1/STM32CubeIDE/plugins/com.st.stm32cube.ide.mcu.externaltools.gnu-tools-for-stm32.12.3.rel1.win32_1.0.100.202403111256/tools/bin/../lib/gcc/arm-none-eabi/12.3.1/../../../../arm-none-eabi/lib/thumb/v7-m/nofp\libc_nano.a(libc_a-mprec.o)
                0x0800c13c                __mcmp
 *fill*         0x0800c172        0x2 
 .text.__mdiff  0x0800c174      0x128 C:/ST/STM32CubeIDE_1.15.1/STM32CubeIDE/plugins/com.st.stm32cube.ide.mcu.externaltools.gnu-tools-for-stm32.12.3.rel1.win32_1.0.100.202403111256/tools/bin/../lib/gcc/arm-none-eabi/12.3.1/../../../../arm-none-eabi/lib/thumb/v7-m/nofp\libc_nano.a(libc_a-mprec.o)
                0x0800c174                __mdiff
 .text.__d2b    0x0800c29c       0xb0 C:/ST/STM32CubeIDE_1.15.1/STM32CubeIDE/plugins/com.st.stm32cube.ide.mcu.externaltools.gnu-tools-for-stm32.12.3.rel1.win32_1.0.100.202403111256/tools/bin/../lib/gcc/arm-none-eabi/12.3.1/../../../../arm-none-eabi/lib/thumb/v7-m/nofp\libc_nano.a(libc_a-mprec.o)
                0x0800c29c                __d2b
 .text.__ssputs_r
                0x0800c34c       0xb6 C:/ST/STM32CubeIDE_1.15.1/STM32CubeIDE/plugins/com.st.stm32cube.ide.mcu.externaltools.gnu-tools-for-stm32.12.3.rel1.win32_1.0.100.202403111256/tools/bin/../lib/gcc/arm-none-eabi/12.3.1/../../../../arm-none-eabi/lib/thumb/v7-m/nofp\libc_nano.a(libc_a-nano-svfprintf.o)
                0x0800c34c                __ssputs_r
 *fill*         0x0800c402        0x2 
 .text._svfprintf_r
                0x0800c404      0x1f8 C:/ST/STM32CubeIDE_1.15.1/STM32CubeIDE/plugins/com.st.stm32cube.ide.mcu.externaltools.gnu-tools-for-stm32.12.3.rel1.win32_1.0.100.202403111256/tools/bin/../lib/gcc/arm-none-eabi/12.3.1/../../../../arm-none-eabi/lib/thumb/v7-m/nofp\libc_nano.a(libc_a-nano-svfprintf.o)
                0x0800c404                _svfiprintf_r
                0x0800c404                _svfprintf_r
 .text.__sfputc_r
                0x0800c5fc       0x2a C:/ST/STM32CubeIDE_1.15.1/STM32CubeIDE/plugins/com.st.stm32cube.ide.mcu.externaltools.gnu-tools-for-stm32.12.3.rel1.win32_1.0.100.202403111256/tools/bin/../lib/gcc/arm-none-eabi/12.3.1/../../../../arm-none-eabi/lib/thumb/v7-m/nofp\libc_nano.a(libc_a-nano-vfprintf.o)
 .text.__sfputs_r
                0x0800c626       0x24 C:/ST/STM32CubeIDE_1.15.1/STM32CubeIDE/plugins/com.st.stm32cube.ide.mcu.externaltools.gnu-tools-for-stm32.12.3.rel1.win32_1.0.100.202403111256/tools/bin/../lib/gcc/arm-none-eabi/12.3.1/../../../../arm-none-eabi/lib/thumb/v7-m/nofp\libc_nano.a(libc_a-nano-vfprintf.o)
                0x0800c626                __sfputs_r
 *fill*         0x0800c64a        0x2 
 .text._vfprintf_r
                0x0800c64c      0x230 C:/ST/STM32CubeIDE_1.15.1/STM32CubeIDE/plugins/com.st.stm32cube.ide.mcu.externaltools.gnu-tools-for-stm32.12.3.rel1.win32_1.0.100.202403111256/tools/bin/../lib/gcc/arm-none-eabi/12.3.1/../../../../arm-none-eabi/lib/thumb/v7-m/nofp\libc_nano.a(libc_a-nano-vfprintf.o)
                0x0800c64c                _vfprintf_r
                0x0800c64c                _vfiprintf_r
 .text.__sflush_r
                0x0800c87c      0x100 C:/ST/STM32CubeIDE_1.15.1/STM32CubeIDE/plugins/com.st.stm32cube.ide.mcu.externaltools.gnu-tools-for-stm32.12.3.rel1.win32_1.0.100.202403111256/tools/bin/../lib/gcc/arm-none-eabi/12.3.1/../../../../arm-none-eabi/lib/thumb/v7-m/nofp\libc_nano.a(libc_a-fflush.o)
                0x0800c87c                __sflush_r
 .text._fflush_r
                0x0800c97c       0x50 C:/ST/STM32CubeIDE_1.15.1/STM32CubeIDE/plugins/com.st.stm32cube.ide.mcu.externaltools.gnu-tools-for-stm32.12.3.rel1.win32_1.0.100.202403111256/tools/bin/../lib/gcc/arm-none-eabi/12.3.1/../../../../arm-none-eabi/lib/thumb/v7-m/nofp\libc_nano.a(libc_a-fflush.o)
                0x0800c97c                _fflush_r
 .text.__swhatbuf_r
                0x0800c9cc       0x4a C:/ST/STM32CubeIDE_1.15.1/STM32CubeIDE/plugins/com.st.stm32cube.ide.mcu.externaltools.gnu-tools-for-stm32.12.3.rel1.win32_1.0.100.202403111256/tools/bin/../lib/gcc/arm-none-eabi/12.3.1/../../../../arm-none-eabi/lib/thumb/v7-m/nofp\libc_nano.a(libc_a-makebuf.o)
                0x0800c9cc                __swhatbuf_r
 .text.__smakebuf_r
                0x0800ca16       0x78 C:/ST/STM32CubeIDE_1.15.1/STM32CubeIDE/plugins/com.st.stm32cube.ide.mcu.externaltools.gnu-tools-for-stm32.12.3.rel1.win32_1.0.100.202403111256/tools/bin/../lib/gcc/arm-none-eabi/12.3.1/../../../../arm-none-eabi/lib/thumb/v7-m/nofp\libc_nano.a(libc_a-makebuf.o)
                0x0800ca16                __smakebuf_r
 .text.memmove  0x0800ca8e       0x34 C:/ST/STM32CubeIDE_1.15.1/STM32CubeIDE/plugins/com.st.stm32cube.ide.mcu.externaltools.gnu-tools-for-stm32.12.3.rel1.win32_1.0.100.202403111256/tools/bin/../lib/gcc/arm-none-eabi/12.3.1/../../../../arm-none-eabi/lib/thumb/v7-m/nofp\libc_nano.a(libc_a-memmove.o)
                0x0800ca8e                memmove
 *fill*         0x0800cac2        0x2 
 .text._fstat_r
                0x0800cac4       0x24 C:/ST/STM32CubeIDE_1.15.1/STM32CubeIDE/plugins/com.st.stm32cube.ide.mcu.externaltools.gnu-tools-for-stm32.12.3.rel1.win32_1.0.100.202403111256/tools/bin/../lib/gcc/arm-none-eabi/12.3.1/../../../../arm-none-eabi/lib/thumb/v7-m/nofp\libc_nano.a(libc_a-fstatr.o)
                0x0800cac4                _fstat_r
 .text._isatty_r
                0x0800cae8       0x20 C:/ST/STM32CubeIDE_1.15.1/STM32CubeIDE/plugins/com.st.stm32cube.ide.mcu.externaltools.gnu-tools-for-stm32.12.3.rel1.win32_1.0.100.202403111256/tools/bin/../lib/gcc/arm-none-eabi/12.3.1/../../../../arm-none-eabi/lib/thumb/v7-m/nofp\libc_nano.a(libc_a-isattyr.o)
                0x0800cae8                _isatty_r
 .text._sbrk_r  0x0800cb08       0x20 C:/ST/STM32CubeIDE_1.15.1/STM32CubeIDE/plugins/com.st.stm32cube.ide.mcu.externaltools.gnu-tools-for-stm32.12.3.rel1.win32_1.0.100.202403111256/tools/bin/../lib/gcc/arm-none-eabi/12.3.1/../../../../arm-none-eabi/lib/thumb/v7-m/nofp\libc_nano.a(libc_a-sbrkr.o)
                0x0800cb08                _sbrk_r
 .text.memcpy   0x0800cb28       0x1c C:/ST/STM32CubeIDE_1.15.1/STM32CubeIDE/plugins/com.st.stm32cube.ide.mcu.externaltools.gnu-tools-for-stm32.12.3.rel1.win32_1.0.100.202403111256/tools/bin/../lib/gcc/arm-none-eabi/12.3.1/../../../../arm-none-eabi/lib/thumb/v7-m/nofp\libc_nano.a(libc_a-memcpy-stub.o)
                0x0800cb28                memcpy
 .text.__assert_func
                0x0800cb44       0x3c C:/ST/STM32CubeIDE_1.15.1/STM32CubeIDE/plugins/com.st.stm32cube.ide.mcu.externaltools.gnu-tools-for-stm32.12.3.rel1.win32_1.0.100.202403111256/tools/bin/../lib/gcc/arm-none-eabi/12.3.1/../../../../arm-none-eabi/lib/thumb/v7-m/nofp\libc_nano.a(libc_a-assert.o)
                0x0800cb44                __assert_func
 .text._calloc_r
                0x0800cb80       0x28 C:/ST/STM32CubeIDE_1.15.1/STM32CubeIDE/plugins/com.st.stm32cube.ide.mcu.externaltools.gnu-tools-for-stm32.12.3.rel1.win32_1.0.100.202403111256/tools/bin/../lib/gcc/arm-none-eabi/12.3.1/../../../../arm-none-eabi/lib/thumb/v7-m/nofp\libc_nano.a(libc_a-callocr.o)
                0x0800cb80                _calloc_r
 .text.__ascii_mbtowc
                0x0800cba8       0x24 C:/ST/STM32CubeIDE_1.15.1/STM32CubeIDE/plugins/com.st.stm32cube.ide.mcu.externaltools.gnu-tools-for-stm32.12.3.rel1.win32_1.0.100.202403111256/tools/bin/../lib/gcc/arm-none-eabi/12.3.1/../../../../arm-none-eabi/lib/thumb/v7-m/nofp\libc_nano.a(libc_a-mbtowc_r.o)
                0x0800cba8                __ascii_mbtowc
 .text._realloc_r
                0x0800cbcc       0x5c C:/ST/STM32CubeIDE_1.15.1/STM32CubeIDE/plugins/com.st.stm32cube.ide.mcu.externaltools.gnu-tools-for-stm32.12.3.rel1.win32_1.0.100.202403111256/tools/bin/../lib/gcc/arm-none-eabi/12.3.1/../../../../arm-none-eabi/lib/thumb/v7-m/nofp\libc_nano.a(libc_a-reallocr.o)
                0x0800cbcc                _realloc_r
 .text.__ascii_wctomb
                0x0800cc28       0x1a C:/ST/STM32CubeIDE_1.15.1/STM32CubeIDE/plugins/com.st.stm32cube.ide.mcu.externaltools.gnu-tools-for-stm32.12.3.rel1.win32_1.0.100.202403111256/tools/bin/../lib/gcc/arm-none-eabi/12.3.1/../../../../arm-none-eabi/lib/thumb/v7-m/nofp\libc_nano.a(libc_a-wctomb_r.o)
                0x0800cc28                __ascii_wctomb
 *fill*         0x0800cc42        0x2 
 .text.fprintf  0x0800cc44       0x24 C:/ST/STM32CubeIDE_1.15.1/STM32CubeIDE/plugins/com.st.stm32cube.ide.mcu.externaltools.gnu-tools-for-stm32.12.3.rel1.win32_1.0.100.202403111256/tools/bin/../lib/gcc/arm-none-eabi/12.3.1/../../../../arm-none-eabi/lib/thumb/v7-m/nofp\libc_nano.a(libc_a-fprintf.o)
                0x0800cc44                fiprintf
                0x0800cc44                fprintf
 .text.abort    0x0800cc68        0xe C:/ST/STM32CubeIDE_1.15.1/STM32CubeIDE/plugins/com.st.stm32cube.ide.mcu.externaltools.gnu-tools-for-stm32.12.3.rel1.win32_1.0.100.202403111256/tools/bin/../lib/gcc/arm-none-eabi/12.3.1/../../../../arm-none-eabi/lib/thumb/v7-m/nofp\libc_nano.a(libc_a-abort.o)
                0x0800cc68                abort
 .text._malloc_usable_size_r
                0x0800cc76       0x10 C:/ST/STM32CubeIDE_1.15.1/STM32CubeIDE/plugins/com.st.stm32cube.ide.mcu.externaltools.gnu-tools-for-stm32.12.3.rel1.win32_1.0.100.202403111256/tools/bin/../lib/gcc/arm-none-eabi/12.3.1/../../../../arm-none-eabi/lib/thumb/v7-m/nofp\libc_nano.a(libc_a-msizer.o)
                0x0800cc76                _malloc_usable_size_r
 .text._raise_r
                0x0800cc86       0x50 C:/ST/STM32CubeIDE_1.15.1/STM32CubeIDE/plugins/com.st.stm32cube.ide.mcu.externaltools.gnu-tools-for-stm32.12.3.rel1.win32_1.0.100.202403111256/tools/bin/../lib/gcc/arm-none-eabi/12.3.1/../../../../arm-none-eabi/lib/thumb/v7-m/nofp\libc_nano.a(libc_a-signal.o)
                0x0800cc86                _raise_r
 *fill*         0x0800ccd6        0x2 
 .text.raise    0x0800ccd8       0x10 C:/ST/STM32CubeIDE_1.15.1/STM32CubeIDE/plugins/com.st.stm32cube.ide.mcu.externaltools.gnu-tools-for-stm32.12.3.rel1.win32_1.0.100.202403111256/tools/bin/../lib/gcc/arm-none-eabi/12.3.1/../../../../arm-none-eabi/lib/thumb/v7-m/nofp\libc_nano.a(libc_a-signal.o)
                0x0800ccd8                raise
 .text._kill_r  0x0800cce8       0x24 C:/ST/STM32CubeIDE_1.15.1/STM32CubeIDE/plugins/com.st.stm32cube.ide.mcu.externaltools.gnu-tools-for-stm32.12.3.rel1.win32_1.0.100.202403111256/tools/bin/../lib/gcc/arm-none-eabi/12.3.1/../../../../arm-none-eabi/lib/thumb/v7-m/nofp\libc_nano.a(libc_a-signalr.o)
                0x0800cce8                _kill_r
 .text._getpid_r
                0x0800cd0c        0x4 C:/ST/STM32CubeIDE_1.15.1/STM32CubeIDE/plugins/com.st.stm32cube.ide.mcu.externaltools.gnu-tools-for-stm32.12.3.rel1.win32_1.0.100.202403111256/tools/bin/../lib/gcc/arm-none-eabi/12.3.1/../../../../arm-none-eabi/lib/thumb/v7-m/nofp\libc_nano.a(libc_a-signalr.o)
                0x0800cd0c                _getpid_r
 .text.pow      0x0800cd10       0xd0 C:/ST/STM32CubeIDE_1.15.1/STM32CubeIDE/plugins/com.st.stm32cube.ide.mcu.externaltools.gnu-tools-for-stm32.12.3.rel1.win32_1.0.100.202403111256/tools/bin/../lib/gcc/arm-none-eabi/12.3.1/../../../../arm-none-eabi/lib/thumb/v7-m/nofp\libm.a(libm_a-w_pow.o)
                0x0800cd10                pow
 .text.finite   0x0800cde0        0xc C:/ST/STM32CubeIDE_1.15.1/STM32CubeIDE/plugins/com.st.stm32cube.ide.mcu.externaltools.gnu-tools-for-stm32.12.3.rel1.win32_1.0.100.202403111256/tools/bin/../lib/gcc/arm-none-eabi/12.3.1/../../../../arm-none-eabi/lib/thumb/v7-m/nofp\libm.a(libm_a-s_finite.o)
                0x0800cde0                finite
 .text.trunc    0x0800cdec       0x64 C:/ST/STM32CubeIDE_1.15.1/STM32CubeIDE/plugins/com.st.stm32cube.ide.mcu.externaltools.gnu-tools-for-stm32.12.3.rel1.win32_1.0.100.202403111256/tools/bin/../lib/gcc/arm-none-eabi/12.3.1/../../../../arm-none-eabi/lib/thumb/v7-m/nofp\libm.a(libm_a-s_trunc.o)
                0x0800cdec                trunc
 .text.__ieee754_pow
                0x0800ce50      0xa50 C:/ST/STM32CubeIDE_1.15.1/STM32CubeIDE/plugins/com.st.stm32cube.ide.mcu.externaltools.gnu-tools-for-stm32.12.3.rel1.win32_1.0.100.202403111256/tools/bin/../lib/gcc/arm-none-eabi/12.3.1/../../../../arm-none-eabi/lib/thumb/v7-m/nofp\libm.a(libm_a-e_pow.o)
                0x0800ce50                __ieee754_pow
 .text.fabs     0x0800d8a0        0x8 C:/ST/STM32CubeIDE_1.15.1/STM32CubeIDE/plugins/com.st.stm32cube.ide.mcu.externaltools.gnu-tools-for-stm32.12.3.rel1.win32_1.0.100.202403111256/tools/bin/../lib/gcc/arm-none-eabi/12.3.1/../../../../arm-none-eabi/lib/thumb/v7-m/nofp\libm.a(libm_a-s_fabs.o)
                0x0800d8a0                fabs
 .text.scalbn   0x0800d8a8       0xec C:/ST/STM32CubeIDE_1.15.1/STM32CubeIDE/plugins/com.st.stm32cube.ide.mcu.externaltools.gnu-tools-for-stm32.12.3.rel1.win32_1.0.100.202403111256/tools/bin/../lib/gcc/arm-none-eabi/12.3.1/../../../../arm-none-eabi/lib/thumb/v7-m/nofp\libm.a(libm_a-s_scalbn.o)
                0x0800d8a8                scalbn
 .text.with_errno
                0x0800d994       0x14 C:/ST/STM32CubeIDE_1.15.1/STM32CubeIDE/plugins/com.st.stm32cube.ide.mcu.externaltools.gnu-tools-for-stm32.12.3.rel1.win32_1.0.100.202403111256/tools/bin/../lib/gcc/arm-none-eabi/12.3.1/../../../../arm-none-eabi/lib/thumb/v7-m/nofp\libm.a(libm_a-math_err.o)
 .text.xflow    0x0800d9a8       0x26 C:/ST/STM32CubeIDE_1.15.1/STM32CubeIDE/plugins/com.st.stm32cube.ide.mcu.externaltools.gnu-tools-for-stm32.12.3.rel1.win32_1.0.100.202403111256/tools/bin/../lib/gcc/arm-none-eabi/12.3.1/../../../../arm-none-eabi/lib/thumb/v7-m/nofp\libm.a(libm_a-math_err.o)
 .text.__math_uflow
                0x0800d9ce        0xa C:/ST/STM32CubeIDE_1.15.1/STM32CubeIDE/plugins/com.st.stm32cube.ide.mcu.externaltools.gnu-tools-for-stm32.12.3.rel1.win32_1.0.100.202403111256/tools/bin/../lib/gcc/arm-none-eabi/12.3.1/../../../../arm-none-eabi/lib/thumb/v7-m/nofp\libm.a(libm_a-math_err.o)
                0x0800d9ce                __math_uflow
 .text.__math_oflow
                0x0800d9d8        0xa C:/ST/STM32CubeIDE_1.15.1/STM32CubeIDE/plugins/com.st.stm32cube.ide.mcu.externaltools.gnu-tools-for-stm32.12.3.rel1.win32_1.0.100.202403111256/tools/bin/../lib/gcc/arm-none-eabi/12.3.1/../../../../arm-none-eabi/lib/thumb/v7-m/nofp\libm.a(libm_a-math_err.o)
                0x0800d9d8                __math_oflow
 *fill*         0x0800d9e2        0x2 
 .text.__ieee754_sqrt
                0x0800d9e4      0x1ac C:/ST/STM32CubeIDE_1.15.1/STM32CubeIDE/plugins/com.st.stm32cube.ide.mcu.externaltools.gnu-tools-for-stm32.12.3.rel1.win32_1.0.100.202403111256/tools/bin/../lib/gcc/arm-none-eabi/12.3.1/../../../../arm-none-eabi/lib/thumb/v7-m/nofp\libm.a(libm_a-e_sqrt.o)
                0x0800d9e4                __ieee754_sqrt
 *(.glue_7)
 .glue_7        0x0800db90        0x0 linker stubs
 *(.glue_7t)
 .glue_7t       0x0800db90        0x0 linker stubs
 *(.eh_frame)
 .eh_frame      0x0800db90        0x0 C:/ST/STM32CubeIDE_1.15.1/STM32CubeIDE/plugins/com.st.stm32cube.ide.mcu.externaltools.gnu-tools-for-stm32.12.3.rel1.win32_1.0.100.202403111256/tools/bin/../lib/gcc/arm-none-eabi/12.3.1/thumb/v7-m/nofp/crtbegin.o
 *(.init)
 .init          0x0800db90        0x4 C:/ST/STM32CubeIDE_1.15.1/STM32CubeIDE/plugins/com.st.stm32cube.ide.mcu.externaltools.gnu-tools-for-stm32.12.3.rel1.win32_1.0.100.202403111256/tools/bin/../lib/gcc/arm-none-eabi/12.3.1/thumb/v7-m/nofp/crti.o
                0x0800db90                _init
 .init          0x0800db94        0x8 C:/ST/STM32CubeIDE_1.15.1/STM32CubeIDE/plugins/com.st.stm32cube.ide.mcu.externaltools.gnu-tools-for-stm32.12.3.rel1.win32_1.0.100.202403111256/tools/bin/../lib/gcc/arm-none-eabi/12.3.1/thumb/v7-m/nofp/crtn.o
 *(.fini)
 .fini          0x0800db9c        0x4 C:/ST/STM32CubeIDE_1.15.1/STM32CubeIDE/plugins/com.st.stm32cube.ide.mcu.externaltools.gnu-tools-for-stm32.12.3.rel1.win32_1.0.100.202403111256/tools/bin/../lib/gcc/arm-none-eabi/12.3.1/thumb/v7-m/nofp/crti.o
                0x0800db9c                _fini
 .fini          0x0800dba0        0x8 C:/ST/STM32CubeIDE_1.15.1/STM32CubeIDE/plugins/com.st.stm32cube.ide.mcu.externaltools.gnu-tools-for-stm32.12.3.rel1.win32_1.0.100.202403111256/tools/bin/../lib/gcc/arm-none-eabi/12.3.1/thumb/v7-m/nofp/crtn.o
                0x0800dba8                        . = ALIGN (0x4)
                0x0800dba8                        _etext = .

.vfp11_veneer   0x0800dba8        0x0