../Drivers/CMSIS/Include/core_cm3.h:1876:26:ITM_SendChar	16	static,ignoring_inline_asm
../Core/Src/main.c:94:13:floatToInt	32	static
../Core/Src/main.c:112:6:motor	16	static
../Core/Src/main.c:125:6:buzzer	16	static
../Core/Src/main.c:136:6:conf_capteur	8	static
../Core/Src/main.c:145:6:affichage_menu	8	static
../Core/Src/main.c:154:6:menu_temp	8	static
../Core/Src/main.c:163:6:menu_hum	8	static
../Core/Src/main.c:172:6:menu_pres	8	static
../Core/Src/main.c:183:6:display_temp	24	static
../Core/Src/main.c:198:6:display_hum	24	static
../Core/Src/main.c:214:6:display_pression	32	static
../Core/Src/main.c:230:5:frequenceNote	24	static
../Core/Src/main.c:271:6:buzzerFunction	32	static
../Core/Src/main.c:285:6:MusiqueAmbiance	8	static
../Core/Src/main.c:305:6:menu	8	static
../Core/Src/main.c:313:6:MusiqueAlerte	16	static
../Core/Src/main.c:323:6:adcFunction	8	static
../Core/Src/main.c:398:6:check_temperature_motor	24	static
../Core/Src/main.c:415:6:check_temperature	24	static
../Core/Src/main.c:438:5:main	8	static
../Core/Src/main.c:518:6:SystemClock_Config	80	static
../Core/Src/main.c:562:13:MX_ADC_Init	48	static
../Core/Src/main.c:630:13:MX_SPI1_Init	8	static
../Core/Src/main.c:668:13:MX_TIM3_Init	48	static
../Core/Src/main.c:732:13:MX_USART2_UART_Init	8	static
../Core/Src/main.c:765:13:MX_GPIO_Init	48	static
../Core/Src/main.c:821:5:__io_putchar	16	static
../Core/Src/main.c:834:6:Error_Handler	4	static,ignoring_inline_asm
